v ATLAS
# This file was created by ATLAS version 5.26.1.R on Mon Sep 21 22:08:34 2026.
#SSF 2.0 generic
##############################################################################
#                    Copyright (c) 1984 - 2018                               #
#                    Silvaco Inc. All rights reserved                        #
#                                                                            #
# This file format and the following Key are copyright Silvaco Inc.          #
# You may not use, this format or key without reproducing this message in    #
# full and obtaining express written permission from Silvaco Inc.            #
#                                                                            #
# To obtain such permission please contact: Silvaco Inc.                     #
#                                           support@silvaco.com              #
#                                                                            #
# KEY=SVC86hn7562asdx                       PROD=345                         #
##############################################################################
Q 10000 1 "V[3]" 5 1201 7 1
Q 10001 1 "V[1]" 5 1201 7 2
Q 10002 1 "V[2]" 5 1201 7 3
X 1 vin
X 2 vdd
X 3 an_drain
X 4 an_gate
X 5 an_source
X 6 an_substrate
X 7 ap_drain
X 8 ap_gate
X 9 ap_source
X 10 ap_substrate
p 14 10000 10001 10002 82 1301 1302 1303 1304 1305 1306 1307 1308 1309 1310
d  0.0000000000e+000 1.2000000000e+000 1.1985618720e+000 3.0000000000e+002 -5.5511151231e-017 -9.9686404957e-008 9.9686404738e-008 0.0000000000e+000 -9.9686402778e-008 -1.9835315916e-015 -9.9686404755e-008 0.0000000000e+000 9.9686404777e-008 1.1444415194e-017
d  0.0000000000e+000 1.2000000000e+000 1.1985618720e+000 3.0000000000e+002 2.7755575616e-017 -9.9686404936e-008 9.9686404653e-008 0.0000000000e+000 -9.9686402778e-008 -1.9835400819e-015 -9.9686404818e-008 0.0000000000e+000 9.9686404823e-008 1.1443191373e-017
d  1.0000000000e-002 1.2000000000e+000 1.1981124903e+000 3.0000000000e+002 -5.7355832583e-010 -1.2871853928e-007 1.2929241292e-007 0.0000000000e+000 -1.2929241108e-007 -1.9840428848e-015 -1.2823659574e-007 0.0000000000e+000 1.2823659573e-007 1.4830124721e-017
d  2.0000000000e-002 1.2000000000e+000 1.1975446937e+000 3.0000000000e+002 -6.4247209636e-010 -1.6551571787e-007 1.6615864016e-007 0.0000000000e+000 -1.6615863829e-007 -1.9849291725e-015 -1.6497555322e-007 0.0000000000e+000 1.6497555319e-007 1.9268004602e-017
d  3.0000000000e-002 1.2000000000e+000 1.1968366755e+000 3.0000000000e+002 -7.4011197171e-010 -2.1069060473e-007 2.1143137006e-007 0.0000000000e+000 -2.1143136828e-007 -1.9861199911e-015 -2.1006799896e-007 0.0000000000e+000 2.1006799893e-007 2.4716033307e-017
d  4.0000000000e-002 1.2000000000e+000 1.1959655910e+000 3.0000000000e+002 -8.8484008315e-010 -2.6535725746e-007 2.6624307011e-007 0.0000000000e+000 -2.6624306843e-007 -1.9877489046e-015 -2.6461250234e-007 0.0000000000e+000 2.6461250231e-007 3.1341428919e-017
d  5.0000000000e-002 1.2000000000e+000 1.1949079409e+000 3.0000000000e+002 -1.0791015650e-009 -3.3059126864e-007 3.3167183030e-007 0.0000000000e+000 -3.3167182847e-007 -1.9896291029e-015 -3.2968254475e-007 0.0000000000e+000 3.2968254471e-007 3.9269052759e-017
d  6.0000000000e-002 1.2000000000e+000 1.1936401143e+000 3.0000000000e+002 -1.2906445634e-009 -4.0741455044e-007 4.0870732098e-007 0.0000000000e+000 -4.0870731873e-007 -1.9917981742e-015 -4.0632716378e-007 0.0000000000e+000 4.0632716372e-007 4.8614871124e-017
d  7.0000000000e-002 1.2000000000e+000 1.1921385802e+000 3.0000000000e+002 -1.4319157665e-009 -4.9679184429e-007 4.9822660222e-007 0.0000000000e+000 -4.9822660018e-007 -1.9941415467e-015 -4.9558489656e-007 0.0000000000e+000 4.9558489652e-007 5.9548283085e-017
d  8.0000000000e-002 1.2000000000e+000 1.1903797957e+000 3.0000000000e+002 -1.5569712949e-009 -5.9942071134e-007 6.0098136988e-007 0.0000000000e+000 -6.0098136777e-007 -1.9966406457e-015 -5.9810781733e-007 0.0000000000e+000 5.9810781728e-007 7.2013232734e-017
d  9.0000000000e-002 1.2000000000e+000 1.1883408596e+000 3.0000000000e+002 -1.6783369139e-009 -7.1591067535e-007 7.1759371189e-007 0.0000000000e+000 -7.1759370996e-007 -1.9991573597e-015 -7.1449491501e-007 0.0000000000e+000 7.1449491493e-007 8.6141076586e-017
d  1.0000000000e-001 1.2000000000e+000 1.1859985840e+000 3.0000000000e+002 -1.8231874482e-009 -8.4673045124e-007 8.4855962673e-007 0.0000000000e+000 -8.4855962455e-007 -2.0016943621e-015 -8.4519199413e-007 0.0000000000e+000 8.4519199400e-007 1.0186302942e-016
d  1.1000000000e-001 1.2000000000e+000 1.1833287979e+000 3.0000000000e+002 -1.9400869175e-009 -9.9230902750e-007 9.9425653491e-007 0.0000000000e+000 -9.9425653241e-007 -2.0040758665e-015 -9.9067143470e-007 0.0000000000e+000 9.9067143458e-007 1.1924703231e-016
d  1.2000000000e-001 1.2000000000e+000 1.1803080921e+000 3.0000000000e+002 -2.1345514731e-009 -1.1528120682e-006 1.1549560611e-006 0.0000000000e+000 -1.1549560594e-006 -2.0063177599e-015 -1.1510098941e-006 0.0000000000e+000 1.1510098940e-006 1.3820768165e-016
d  1.3000000000e-001 1.2000000000e+000 1.1769111027e+000 3.0000000000e+002 -2.2327378765e-009 -1.3285880638e-006 1.3308321583e-006 0.0000000000e+000 -1.3308321563e-006 -2.0082816275e-015 -1.3267026346e-006 0.0000000000e+000 1.3267026345e-006 1.5881490665e-016
d  1.4000000000e-001 1.2000000000e+000 1.1731111147e+000 3.0000000000e+002 -2.4328129511e-009 -1.5195310968e-006 1.5219780618e-006 0.0000000000e+000 -1.5219780602e-006 -2.0099508859e-015 -1.5174764417e-006 0.0000000000e+000 1.5174764416e-006 1.8085691229e-016
d  1.5000000000e-001 1.2000000000e+000 1.1688799167e+000 3.0000000000e+002 -2.5794427982e-009 -1.7258141732e-006 1.7284106988e-006 0.0000000000e+000 -1.7284106969e-006 -2.0112191528e-015 -1.7236355299e-006 0.0000000000e+000 1.7236355297e-006 2.0431528970e-016
d  1.6000000000e-001 1.2000000000e+000 1.1641860538e+000 3.0000000000e+002 -2.7856240092e-009 -1.9472790797e-006 1.9500856261e-006 0.0000000000e+000 -1.9500856241e-006 -2.0120476005e-015 -1.9449262995e-006 0.0000000000e+000 1.9449262992e-006 2.2919009935e-016
d  1.7000000000e-001 1.2000000000e+000 1.1589947281e+000 3.0000000000e+002 -3.0174115151e-009 -2.1838575647e-006 2.1869005911e-006 0.0000000000e+000 -2.1869005889e-006 -2.0123395813e-015 -2.1813092251e-006 0.0000000000e+000 2.1813092248e-006 2.5537884447e-016
d  1.8000000000e-001 1.2000000000e+000 1.1532654960e+000 3.0000000000e+002 -9.1858534668e-012 -2.4386355759e-006 2.4386448495e-006 0.0000000000e+000 -2.4386448474e-006 -2.0118991127e-015 -2.4386278193e-006 0.0000000000e+000 2.4386278190e-006 2.8341060322e-016
d  1.9000000000e-001 1.2000000000e+000 1.1469517359e+000 3.0000000000e+002 -1.2122997051e-011 -2.7052110074e-006 2.7052232609e-006 0.0000000000e+000 -2.7052232588e-006 -2.0109300250e-015 -2.7052007697e-006 0.0000000000e+000 2.7052007694e-006 3.1227718789e-016
d  2.0000000000e-001 1.2000000000e+000 1.1400021062e+000 3.0000000000e+002 -1.5118274688e-011 -2.9863323008e-006 2.9863476021e-006 0.0000000000e+000 -2.9863476003e-006 -2.0092072868e-015 -2.9863195380e-006 0.0000000000e+000 2.9863195377e-006 3.4248663171e-016
d  2.1000000000e-001 1.2000000000e+000 1.1323566047e+000 3.0000000000e+002 -1.8225185250e-011 -3.2817176194e-006 3.2817360923e-006 0.0000000000e+000 -3.2817360902e-006 -2.0066285082e-015 -3.2817022411e-006 0.0000000000e+000 3.2817022407e-006 3.7416360592e-016
d  2.2000000000e-001 1.2000000000e+000 1.1239449307e+000 3.0000000000e+002 -2.2562736401e-011 -3.5910429308e-006 3.5910658378e-006 0.0000000000e+000 -3.5910658355e-006 -2.0032405434e-015 -3.5910239047e-006 0.0000000000e+000 3.5910239043e-006 4.0761720798e-016
d  2.3000000000e-001 1.2000000000e+000 1.1146816698e+000 3.0000000000e+002 -2.8231195159e-011 -3.9139404160e-006 3.9139691309e-006 0.0000000000e+000 -3.9139691289e-006 -1.9989146908e-015 -3.9139166301e-006 0.0000000000e+000 3.9139166297e-006 4.4289459162e-016
d  2.4000000000e-001 1.2000000000e+000 1.1044639022e+000 3.0000000000e+002 -3.5521731390e-011 -4.2499931018e-006 4.2500293080e-006 0.0000000000e+000 -4.2500293061e-006 -1.9935238018e-015 -4.2499632065e-006 0.0000000000e+000 4.2499632060e-006 4.8027916828e-016
d  2.5000000000e-001 1.2000000000e+000 1.0931646701e+000 3.0000000000e+002 -4.5014686423e-011 -4.5987254794e-006 4.5987714717e-006 0.0000000000e+000 -4.5987714697e-006 -1.9870503511e-015 -4.5986876489e-006 0.0000000000e+000 4.5986876484e-006 5.2039821349e-016
d  2.6000000000e-001 1.2000000000e+000 1.0806246722e+000 3.0000000000e+002 -5.7581762275e-011 -4.9595894562e-006 4.9596484520e-006 0.0000000000e+000 -4.9596484500e-006 -1.9793049666e-015 -4.9595411533e-006 0.0000000000e+000 4.9595411528e-006 5.6335016176e-016
d  2.7000000000e-001 1.2000000000e+000 1.0666386342e+000 3.0000000000e+002 -7.4769787584e-011 -5.3319408025e-006 5.3320176596e-006 0.0000000000e+000 -5.3320176580e-006 -1.9703088319e-015 -5.3318782333e-006 0.0000000000e+000 5.3318782328e-006 6.0960353296e-016
d  2.8000000000e-001 1.2000000000e+000 1.0509325047e+000 3.0000000000e+002 -9.8566401568e-011 -5.7150004613e-006 5.7151021758e-006 0.0000000000e+000 -5.7151021735e-006 -1.9597980540e-015 -5.7149182376e-006 0.0000000000e+000 5.7149182369e-006 6.5938950106e-016
d  2.9000000000e-001 1.2000000000e+000 1.0331468544e+000 3.0000000000e+002 -1.3182912054e-010 -6.1078106028e-006 6.1079472924e-006 0.0000000000e+000 -6.1079472903e-006 -1.9475444595e-015 -6.1077010884e-006 0.0000000000e+000 6.1077010877e-006 7.1291836770e-016
d  3.0000000000e-001 1.2000000000e+000 1.0127718071e+000 3.0000000000e+002 -1.8207396008e-010 -6.5091223686e-006 6.5093122901e-006 0.0000000000e+000 -6.5093122880e-006 -1.9331192590e-015 -6.5089719629e-006 0.0000000000e+000 6.5089719621e-006 7.7095892712e-016
d  3.1000000000e-001 1.2000000000e+000 9.8905469641e-001 3.0000000000e+002 -2.6060816005e-010 -6.9172221684e-006 6.9174961434e-006 0.0000000000e+000 -6.9174961415e-006 -1.9157246375e-015 -6.9170085863e-006 0.0000000000e+000 6.9170085855e-006 8.3455969721e-016
d  3.2000000000e-001 1.2000000000e+000 9.6079856411e-001 3.0000000000e+002 -3.9727245452e-010 -7.3295509119e-006 7.3299731090e-006 0.0000000000e+000 -7.3299731070e-006 -1.8938229222e-015 -7.3292290513e-006 0.0000000000e+000 7.3292290504e-006 9.0677509189e-016
d  3.3000000000e-001 1.2000000000e+000 9.2597828941e-001 3.0000000000e+002 -6.4172173131e-010 -7.7419663244e-006 7.7426592595e-006 0.0000000000e+000 -7.7426592573e-006 -1.8644437765e-015 -7.7414560948e-006 0.0000000000e+000 7.7414560938e-006 9.9336015539e-016
d  3.4000000000e-001 1.2000000000e+000 8.8070552149e-001 3.0000000000e+002 -4.1249975657e-011 -8.1477220276e-006 8.1477677568e-006 0.0000000000e+000 -8.1477677545e-006 -1.8207819414e-015 -8.1476903244e-006 0.0000000000e+000 8.1476903233e-006 1.1035141779e-015
d  3.5000000000e-001 1.2000000000e+000 8.1619265920e-001 3.0000000000e+002 -1.3253055597e-010 -8.5283010165e-006 8.5284555473e-006 0.0000000000e+000 -8.5284555453e-006 -1.7484678580e-015 -8.5282063994e-006 0.0000000000e+000 8.5282063982e-006 1.2434517937e-015
d  3.6000000000e-001 1.2000000000e+000 7.1052781595e-001 3.0000000000e+002 -4.2073126233e-011 -8.8393473014e-006 8.8394017443e-006 0.0000000000e+000 -8.8394017426e-006 -1.6273245833e-015 -8.8393224910e-006 0.0000000000e+000 8.8393224895e-006 1.4303165658e-015
d  3.7000000000e-001 1.2000000000e+000 5.4173411678e-001 3.0000000000e+002 -9.5273539058e-011 -9.0046165497e-006 9.0047559002e-006 0.0000000000e+000 -9.0047558988e-006 -1.4196012529e-015 -9.0045761222e-006 0.0000000000e+000 9.0045761204e-006 1.6840432388e-015
d  3.8000000000e-001 1.2000000000e+000 3.6959459821e-001 3.0000000000e+002 -4.7553617294e-011 -8.9984419192e-006 8.9985194081e-006 0.0000000000e+000 -8.9985194070e-006 -1.1549060414e-015 -8.9984295918e-006 0.0000000000e+000 8.9984295899e-006 1.8923341470e-015
d  3.9000000000e-001 1.2000000000e+000 2.7491352966e-001 3.0000000000e+002 1.6721969989e-010 -8.8371548066e-006 8.8368586909e-006 0.0000000000e+000 -8.8368586899e-006 -9.6802139424e-016 -8.8371745605e-006 0.0000000000e+000 8.8371745584e-006 1.9990994850e-015
d  4.0000000000e-001 1.2000000000e+000 2.2784581436e-001 3.0000000000e+002 3.1078544252e-011 -8.6056324495e-006 8.6055759769e-006 0.0000000000e+000 -8.6055759760e-006 -8.6453780903e-016 -8.6056346452e-006 0.0000000000e+000 8.6056346432e-006 2.0425488036e-015
d  4.1000000000e-001 1.2000000000e+000 1.9761941974e-001 3.0000000000e+002 9.7922989162e-012 -8.3528135039e-006 8.3527955303e-006 0.0000000000e+000 -8.3527955295e-006 -7.9291888123e-016 -8.3528140008e-006 0.0000000000e+000 8.3528139986e-006 2.0678473706e-015
d  4.2000000000e-001 1.2000000000e+000 1.7531376423e-001 3.0000000000e+002 2.3639490886e-010 -8.0921930408e-006 8.0917569461e-006 0.0000000000e+000 -8.0917569454e-006 -7.3537073783e-016 -8.0922024610e-006 0.0000000000e+000 8.0922024591e-006 2.0853622732e-015
d  4.3000000000e-001 1.2000000000e+000 1.5761407010e-001 3.0000000000e+002 1.4484678040e-010 -7.8287443765e-006 7.8284763919e-006 0.0000000000e+000 -7.8284763912e-006 -6.8623714385e-016 -7.8287491432e-006 0.0000000000e+000 7.8287491410e-006 2.0984477084e-015
d  4.4000000000e-001 1.2000000000e+000 1.4294699684e-001 3.0000000000e+002 9.7014668868e-011 -7.5648862236e-006 7.5647064133e-006 0.0000000000e+000 -7.5647064127e-006 -6.4294456832e-016 -7.5648889430e-006 0.0000000000e+000 7.5648889410e-006 2.1087518907e-015
d  4.5000000000e-001 1.2000000000e+000 1.3044160140e-001 3.0000000000e+002 6.9622524759e-011 -7.3019760846e-006 7.3018468972e-006 0.0000000000e+000 -7.3018468966e-006 -6.0421628474e-016 -7.3019777824e-006 0.0000000000e+000 7.3019777803e-006 2.1169066734e-015
d  4.6000000000e-001 1.2000000000e+000 1.1956339613e-001 3.0000000000e+002 5.2376544941e-011 -7.0408760146e-006 7.0407787571e-006 0.0000000000e+000 -7.0407787566e-006 -5.6918056236e-016 -7.0408771421e-006 0.0000000000e+000 7.0408771402e-006 2.1234731553e-015
d  4.7000000000e-001 1.2000000000e+000 1.0995662471e-001 3.0000000000e+002 4.0906401530e-011 -6.7820336986e-006 6.7819577078e-006 0.0000000000e+000 -6.7819577073e-006 -5.3721519864e-016 -6.7820344863e-006 0.0000000000e+000 6.7820344838e-006 2.1287286921e-015
d  4.8000000000e-001 1.2000000000e+000 1.0137428151e-001 3.0000000000e+002 3.2836179956e-011 -6.5257928205e-006 6.5257318054e-006 0.0000000000e+000 -6.5257318049e-006 -5.0777788900e-016 -6.5257933893e-006 0.0000000000e+000 6.5257933873e-006 2.1329057280e-015
d  4.9000000000e-001 1.2000000000e+000 9.3642497875e-002 3.0000000000e+002 2.6943032874e-011 -6.2727206998e-006 6.2726706296e-006 0.0000000000e+000 -6.2726706291e-006 -4.8051106016e-016 -6.2727211229e-006 0.0000000000e+000 6.2727211207e-006 2.1361477373e-015
d  5.0000000000e-001 1.2000000000e+000 8.6627081200e-002 3.0000000000e+002 2.2512566464e-011 -6.0230964518e-006 6.0230546147e-006 0.0000000000e+000 -6.0230546143e-006 -4.5508250335e-016 -6.0230967739e-006 0.0000000000e+000 6.0230967716e-006 2.1385462625e-015
d  5.1000000000e-001 1.2000000000e+000 8.0224309185e-002 3.0000000000e+002 1.9095347916e-011 -5.7771413613e-006 5.7771058770e-006 0.0000000000e+000 -5.7771058766e-006 -4.3116610926e-016 -5.7771416109e-006 0.0000000000e+000 5.7771416089e-006 2.1402814087e-015
d  5.2000000000e-001 1.2000000000e+000 7.4352311695e-002 3.0000000000e+002 1.6398984289e-011 -5.5350415841e-006 5.5350111144e-006 0.0000000000e+000 -5.5350111140e-006 -4.0863916287e-016 -5.5350417808e-006 0.0000000000e+000 5.5350417788e-006 2.1412856159e-015
d  5.3000000000e-001 1.2000000000e+000 6.8945266403e-002 3.0000000000e+002 1.4230088245e-011 -5.2969589829e-006 5.2969325482e-006 0.0000000000e+000 -5.2969325478e-006 -3.8724386393e-016 -5.2969591403e-006 0.0000000000e+000 5.2969591379e-006 2.1417555328e-015
d  5.4000000000e-001 1.2000000000e+000 6.3949415397e-002 3.0000000000e+002 1.2452580200e-011 -5.0630383194e-006 5.0630151916e-006 0.0000000000e+000 -5.0630151913e-006 -3.6685701305e-016 -5.0630384463e-006 0.0000000000e+000 5.0630384441e-006 2.1417014560e-015
d  5.5000000000e-001 1.2000000000e+000 5.9320206664e-002 3.0000000000e+002 1.0977425999e-011 -4.8334085395e-006 4.8333881567e-006 0.0000000000e+000 -4.8333881563e-006 -3.4737661238e-016 -4.8334086429e-006 0.0000000000e+000 4.8334086406e-006 2.1411145897e-015
d  5.6000000000e-001 1.2000000000e+000 5.5020271883e-002 3.0000000000e+002 9.7351267672e-012 -4.6081861808e-006 4.6081681097e-006 0.0000000000e+000 -4.6081681093e-006 -3.2868620606e-016 -4.6081862656e-006 0.0000000000e+000 4.6081862634e-006 2.1401306356e-015
d  5.7000000000e-001 1.2000000000e+000 5.1018012405e-002 3.0000000000e+002 8.6759193579e-012 -4.3874840499e-006 4.3874679495e-006 0.0000000000e+000 -4.3874679493e-006 -3.1072753596e-016 -4.3874841197e-006 0.0000000000e+000 4.3874841177e-006 2.1387358731e-015
d  5.8000000000e-001 1.2000000000e+000 4.7285708291e-002 3.0000000000e+002 7.7671046678e-012 -4.1713500587e-006 4.1713356497e-006 0.0000000000e+000 -4.1713356494e-006 -2.9342934474e-016 -4.1713501168e-006 0.0000000000e+000 4.1713501146e-006 2.1369066017e-015
d  5.9000000000e-001 1.2000000000e+000 4.3796699392e-002 3.0000000000e+002 6.9793788804e-012 -3.9595915185e-006 3.9595785750e-006 0.0000000000e+000 -3.9595785747e-006 -2.7676477432e-016 -3.9595915669e-006 0.0000000000e+000 3.9595915647e-006 2.1348344131e-015
d  6.0000000000e-001 1.2000000000e+000 4.0535027580e-002 3.0000000000e+002 6.2830435299e-012 -3.7526510360e-006 3.7526393876e-006 0.0000000000e+000 -3.7526393874e-006 -2.6070105995e-016 -3.7526510763e-006 0.0000000000e+000 3.7526510742e-006 2.1323301998e-015
d  6.1000000000e-001 1.2000000000e+000 3.7482203059e-002 3.0000000000e+002 5.6676208865e-012 -3.5505516746e-006 3.5505411710e-006 0.0000000000e+000 -3.5505411707e-006 -2.4514866864e-016 -3.5505517084e-006 0.0000000000e+000 3.5505517062e-006 2.1296530465e-015
d  6.2000000000e-001 1.2000000000e+000 3.4623894463e-002 3.0000000000e+002 5.1188792788e-012 -3.3534947682e-006 3.3534852847e-006 0.0000000000e+000 -3.3534852844e-006 -2.3017732569e-016 -3.3534947964e-006 0.0000000000e+000 3.3534947943e-006 2.1266082314e-015
d  6.3000000000e-001 1.2000000000e+000 3.1946248515e-002 3.0000000000e+002 4.6287088745e-012 -3.1615654833e-006 3.1615569110e-006 0.0000000000e+000 -3.1615569108e-006 -2.1569186540e-016 -3.1615655069e-006 0.0000000000e+000 3.1615655048e-006 2.1233091644e-015
d  6.4000000000e-001 1.2000000000e+000 2.9436564569e-002 3.0000000000e+002 4.1892062735e-012 -2.9748094550e-006 2.9748016996e-006 0.0000000000e+000 -2.9748016994e-006 -2.0175764176e-016 -2.9748094750e-006 0.0000000000e+000 2.9748094727e-006 2.1197525936e-015
d  6.5000000000e-001 1.2000000000e+000 2.7084196938e-002 3.0000000000e+002 3.7916371431e-012 -2.7933411974e-006 2.7933341808e-006 0.0000000000e+000 -2.7933341806e-006 -1.8830758359e-016 -2.7933412144e-006 0.0000000000e+000 2.7933412119e-006 2.1159680786e-015
d  6.6000000000e-001 1.2000000000e+000 2.4879339298e-002 3.0000000000e+002 3.4315085495e-012 -2.6172471527e-006 2.6172408045e-006 0.0000000000e+000 -2.6172408044e-006 -1.7537229950e-016 -2.6172471666e-006 0.0000000000e+000 2.6172471645e-006 2.1119789620e-015
d  6.7000000000e-001 1.2000000000e+000 2.2813032604e-002 3.0000000000e+002 3.1042633741e-012 -2.4465991714e-006 2.4465934305e-006 0.0000000000e+000 -2.4465934303e-006 -1.6291261189e-016 -2.4465991828e-006 0.0000000000e+000 2.4465991809e-006 2.1078080776e-015
d  6.8000000000e-001 1.2000000000e+000 2.0877258366e-002 3.0000000000e+002 2.8064495172e-012 -2.2814767258e-006 2.2814715377e-006 0.0000000000e+000 -2.2814715376e-006 -1.5095333882e-016 -2.2814767354e-006 0.0000000000e+000 2.2814767333e-006 2.1033869767e-015
d  6.9000000000e-001 1.2000000000e+000 1.9064736097e-002 3.0000000000e+002 2.5347883514e-012 -2.1219575779e-006 2.1219528940e-006 0.0000000000e+000 -2.1219528939e-006 -1.3947998841e-016 -2.1219575862e-006 0.0000000000e+000 2.1219575838e-006 2.0987461327e-015
d  7.0000000000e-001 1.2000000000e+000 1.7367073272e-002 3.0000000000e+002 2.2883916984e-012 -1.9679217422e-006 1.9679175151e-006 0.0000000000e+000 -1.9679175150e-006 -1.2852285159e-016 -1.9679217490e-006 0.0000000000e+000 1.9679217468e-006 2.0940338336e-015
d  7.1000000000e-001 1.2000000000e+000 1.5779935671e-002 3.0000000000e+002 2.0597863692e-012 -1.8196284353e-006 1.8196246314e-006 0.0000000000e+000 -1.8196246313e-006 -1.1802250448e-016 -1.8196284405e-006 0.0000000000e+000 1.8196284387e-006 2.0891199221e-015
d  7.2000000000e-001 1.2000000000e+000 1.4297831994e-002 3.0000000000e+002 1.8514634270e-012 -1.6771579505e-006 1.6771545326e-006 0.0000000000e+000 -1.6771545325e-006 -1.0801254975e-016 -1.6771579547e-006 0.0000000000e+000 1.6771579529e-006 2.0840794275e-015
d  7.3000000000e-001 1.2000000000e+000 1.2914463776e-002 3.0000000000e+002 1.6615424314e-012 -1.5404414902e-006 1.5404384242e-006 0.0000000000e+000 -1.5404384240e-006 -9.8479402063e-017 -1.5404414938e-006 0.0000000000e+000 1.5404414918e-006 2.0789241556e-015
d  7.4000000000e-001 1.2000000000e+000 1.1625476220e-002 3.0000000000e+002 1.4863041353e-012 -1.4095838311e-006 1.4095810893e-006 0.0000000000e+000 -1.4095810892e-006 -8.9468841947e-017 -1.4095838339e-006 0.0000000000e+000 1.4095838320e-006 2.0737396506e-015
d  7.5000000000e-001 1.2000000000e+000 1.0427639116e-002 3.0000000000e+002 1.3260295639e-012 -1.2847848752e-006 1.2847824300e-006 0.0000000000e+000 -1.2847824299e-006 -8.0947338950e-017 -1.2847848775e-006 0.0000000000e+000 1.2847848755e-006 2.0683246692e-015
d  7.6000000000e-001 1.2000000000e+000 9.3169411339e-003 3.0000000000e+002 1.1793066523e-012 -1.1661155133e-006 1.1661133395e-006 0.0000000000e+000 -1.1661133395e-006 -7.2879944691e-017 -1.1661155152e-006 0.0000000000e+000 1.1661155132e-006 2.0629035490e-015
d  7.7000000000e-001 1.2000000000e+000 8.2887768629e-003 3.0000000000e+002 1.0460729505e-012 -1.0535337759e-006 1.0535318486e-006 0.0000000000e+000 -1.0535318485e-006 -6.5306446813e-017 -1.0535337776e-006 0.0000000000e+000 1.0535337754e-006 2.0574385149e-015
d  7.8000000000e-001 1.2000000000e+000 7.3398400818e-003 3.0000000000e+002 9.2349392022e-013 -9.4712226591e-007 9.4712056475e-007 0.0000000000e+000 -9.4712056470e-007 -5.8228242172e-017 -9.4712226702e-007 0.0000000000e+000 9.4712226505e-007 2.0518059356e-015
d  7.9000000000e-001 1.2000000000e+000 6.4660252312e-003 3.0000000000e+002 8.1294693199e-013 -8.4682868186e-007 8.4682718496e-007 0.0000000000e+000 -8.4682718492e-007 -5.1656957466e-017 -8.4682868277e-007 0.0000000000e+000 8.4682868072e-007 2.0462927919e-015
d  8.0000000000e-001 1.2000000000e+000 5.6650827861e-003 3.0000000000e+002 7.1212480357e-013 -7.5280954796e-007 7.5280823728e-007 0.0000000000e+000 -7.5280823724e-007 -4.5500240186e-017 -7.5280954880e-007 0.0000000000e+000 7.5280954661e-007 2.0407210333e-015
d  8.1000000000e-001 1.2000000000e+000 4.9341311229e-003 3.0000000000e+002 6.2060079298e-013 -6.6511524792e-007 6.6511410556e-007 0.0000000000e+000 -6.6511410555e-007 -3.9857730363e-017 -6.6511524808e-007 0.0000000000e+000 6.6511524640e-007 2.0352234315e-015
d  8.2000000000e-001 1.2000000000e+000 4.2694963604e-003 3.0000000000e+002 5.3856225035e-013 -5.8366227142e-007 5.8366128063e-007 0.0000000000e+000 -5.8366128061e-007 -3.4669490654e-017 -5.8366227172e-007 0.0000000000e+000 5.8366226977e-007 2.0297774864e-015
d  8.3000000000e-001 1.2000000000e+000 3.6680864042e-003 3.0000000000e+002 4.6466996917e-013 -5.0841573922e-007 5.0841488465e-007 0.0000000000e+000 -5.0841488465e-007 -2.9906452633e-017 -5.0841573943e-007 0.0000000000e+000 5.0841573745e-007 2.0244725542e-015
d  8.4000000000e-001 1.2000000000e+000 3.1278935327e-003 3.0000000000e+002 3.9876435487e-013 -4.3946600613e-007 4.3946527304e-007 0.0000000000e+000 -4.3946527301e-007 -2.5603944792e-017 -4.3946600630e-007 0.0000000000e+000 4.3946600427e-007 2.0191979435e-015
d  8.5000000000e-001 1.2000000000e+000 2.6453432773e-003 3.0000000000e+002 3.4071356847e-013 -3.7666284202e-007 3.7666221619e-007 0.0000000000e+000 -3.7666221616e-007 -2.1721990647e-017 -3.7666284247e-007 0.0000000000e+000 3.7666284009e-007 2.0142084346e-015
d  8.6000000000e-001 1.2000000000e+000 2.2175640928e-003 3.0000000000e+002 2.8856084189e-013 -3.1992746842e-007 3.1992693805e-007 0.0000000000e+000 -3.1992693805e-007 -1.8287187378e-017 -3.1992746831e-007 0.0000000000e+000 3.1992746645e-007 2.0094289397e-015
d  8.7000000000e-001 1.2000000000e+000 1.8418342807e-003 3.0000000000e+002 2.4336782589e-013 -2.6917898291e-007 2.6917853597e-007 0.0000000000e+000 -2.6917853598e-007 -1.5210141344e-017 -2.6917898298e-007 0.0000000000e+000 2.6917898089e-007 2.0049048794e-015
d  8.8000000000e-001 1.2000000000e+000 1.5145110583e-003 3.0000000000e+002 2.0386470290e-013 -2.2417776047e-007 2.2417738585e-007 0.0000000000e+000 -2.2417738586e-007 -1.2542088176e-017 -2.2417776019e-007 0.0000000000e+000 2.2417775843e-007 2.0006986981e-015
d  8.9000000000e-001 1.2000000000e+000 1.2327163330e-003 3.0000000000e+002 1.7018331189e-013 -1.8476943727e-007 1.8476912488e-007 0.0000000000e+000 -1.8476912489e-007 -1.0242322860e-017 -1.8476943730e-007 0.0000000000e+000 1.8476943521e-007 1.9968559792e-015
d  9.0000000000e-001 1.2000000000e+000 9.9257274732e-004 3.0000000000e+002 1.4114404090e-013 -1.5062499149e-007 1.5062473245e-007 0.0000000000e+000 -1.5062473246e-007 -8.2392588176e-018 -1.5062499153e-007 0.0000000000e+000 1.5062498941e-007 1.9934165604e-015
d  9.1000000000e-001 1.2000000000e+000 7.9069105018e-004 3.0000000000e+002 1.1682321777e-013 -1.2145994519e-007 1.2145973089e-007 0.0000000000e+000 -1.2145973089e-007 -6.5784256745e-018 -1.2145994527e-007 0.0000000000e+000 1.2145994311e-007 1.9904094719e-015
d  9.2000000000e-001 1.2000000000e+000 6.2306921782e-004 3.0000000000e+002 9.6402053007e-014 -9.6868175450e-008 9.6867998278e-008 0.0000000000e+000 -9.6867998291e-008 -5.2099869810e-018 -9.6868175157e-008 0.0000000000e+000 9.6868173367e-008 1.9879215261e-015
d  9.3000000000e-001 1.2000000000e+000 4.8583397849e-004 3.0000000000e+002 7.9651563123e-014 -7.6433056930e-008 7.6432910633e-008 0.0000000000e+000 -7.6432910641e-008 -4.0211586236e-018 -7.6433056714e-008 0.0000000000e+000 7.6433054835e-008 1.9858360252e-015
d  9.4000000000e-001 1.2000000000e+000 3.7507482452e-004 3.0000000000e+002 6.5975003238e-014 -5.9702509304e-008 5.9702388170e-008 0.0000000000e+000 -5.9702388197e-008 -3.1354875030e-018 -5.9702509163e-008 0.0000000000e+000 5.9702507218e-008 1.9843298190e-015
d  9.5000000000e-001 1.2000000000e+000 2.8681794644e-004 3.0000000000e+002 5.5087878703e-014 -4.6184673568e-008 4.6184572531e-008 0.0000000000e+000 -4.6184572537e-008 -2.3937774696e-018 -4.6184673530e-008 0.0000000000e+000 4.6184671478e-008 1.9832330741e-015
d  9.6000000000e-001 1.2000000000e+000 2.1747036111e-004 3.0000000000e+002 4.6129766673e-014 -3.5419842040e-008 3.5419756977e-008 0.0000000000e+000 -3.5419756985e-008 -1.8160813112e-018 -3.5419841618e-008 0.0000000000e+000 3.5419839943e-008 1.9827369836e-015
d  9.7000000000e-001 1.2000000000e+000 1.6365632604e-004 3.0000000000e+002 3.9329650647e-014 -2.6957200938e-008 2.6957128597e-008 0.0000000000e+000 -2.6957128586e-008 -1.3530841671e-018 -2.6957200704e-008 0.0000000000e+000 2.6957198838e-008 1.9826389007e-015
d  9.8000000000e-001 1.2000000000e+000 1.2235849263e-004 3.0000000000e+002 3.3889557827e-014 -2.0380471245e-008 2.0380409261e-008 0.0000000000e+000 -2.0380409197e-008 -9.9644603592e-019 -2.0380471419e-008 0.0000000000e+000 2.0380469163e-008 1.9829247852e-015
d  9.9000000000e-001 1.2000000000e+000 9.0973020133e-005 3.0000000000e+002 2.9670710333e-014 -1.5320589734e-008 1.5320534995e-008 0.0000000000e+000 -1.5320534983e-008 -7.5426649359e-019 -1.5320589462e-008 0.0000000000e+000 1.5320587639e-008 1.9838105229e-015
d  1.0000000000e+000 1.2000000000e+000 6.7319787768e-005 3.0000000000e+002 2.6367796835e-014 -1.1461324282e-008 1.1461275842e-008 0.0000000000e+000 -1.1461275889e-008 -5.6122407166e-019 -1.1461324247e-008 0.0000000000e+000 1.1461322184e-008 1.9849801150e-015
d  1.0100000000e+000 1.2000000000e+000 4.9631591855e-005 3.0000000000e+002 2.3911428393e-014 -8.5413700193e-009 8.5413261013e-009 0.0000000000e+000 -8.5413261046e-009 -4.1569411788e-019 -8.5413699747e-009 0.0000000000e+000 8.5413679211e-009 1.9864985579e-015
d  1.0200000000e+000 1.2000000000e+000 3.6482584452e-005 3.0000000000e+002 2.1760371283e-014 -6.3457322712e-009 6.3456921787e-009 0.0000000000e+000 -6.3456921904e-009 -3.0110478582e-019 -6.3457321105e-009 0.0000000000e+000 6.3457301722e-009 1.9883180518e-015
d  1.0300000000e+000 1.2000000000e+000 2.6754969609e-005 3.0000000000e+002 2.0566881531e-014 -4.7030358479e-009 4.7029981405e-009 0.0000000000e+000 -4.7029981489e-009 -2.3245011857e-019 -4.7030358900e-009 0.0000000000e+000 4.7030337395e-009 1.9905117598e-015
d  1.0400000000e+000 1.2000000000e+000 1.9586131260e-005 3.0000000000e+002 1.9019508191e-014 -3.4789831987e-009 3.4789480676e-009 0.0000000000e+000 -3.4789480810e-009 -1.6100591212e-019 -3.4789829481e-009 0.0000000000e+000 3.4789810917e-009 1.9930361891e-015
d  1.0500000000e+000 1.2000000000e+000 1.4318933774e-005 3.0000000000e+002 1.8235413179e-014 -2.5697885798e-009 2.5697550315e-009 0.0000000000e+000 -2.5697550348e-009 -1.0884477926e-019 -2.5697885184e-009 0.0000000000e+000 2.5697864615e-009 1.9959171126e-015
d  1.0600000000e+000 1.2000000000e+000 1.0457948927e-005 3.0000000000e+002 1.7347234760e-014 -1.8961409413e-009 1.8961090371e-009 0.0000000000e+000 -1.8961090589e-009 -8.1970303253e-020 -1.8961408465e-009 0.0000000000e+000 1.8961388230e-009 1.9991030171e-015
d  1.0700000000e+000 1.2000000000e+000 7.6327608270e-006 3.0000000000e+002 1.6653345369e-014 -1.3979719353e-009 1.3979412237e-009 0.0000000000e+000 -1.3979412237e-009 -5.6654949996e-020 -1.3979718501e-009 0.0000000000e+000 1.3979698132e-009 2.0025406733e-015
d  1.0800000000e+000 1.2000000000e+000 5.5682174975e-006 3.0000000000e+002 1.6209256160e-014 -1.0301061878e-009 1.0300762190e-009 0.0000000000e+000 -1.0300762006e-009 -5.3336232520e-020 -1.0301059731e-009 0.0000000000e+000 1.0301040700e-009 2.0065362635e-015
d  1.0900000000e+000 1.2000000000e+000 4.0609711064e-006 3.0000000000e+002 1.5515366769e-014 -7.5875543869e-010 7.5872672349e-010 0.0000000000e+000 -7.5872668506e-010 -5.2082687852e-020 -7.5875528459e-010 0.0000000000e+000 7.5875331123e-010 2.0108243574e-015
d  1.1000000000e+000 1.2000000000e+000 2.9613241612e-006 3.0000000000e+002 1.5237811013e-014 -5.5875580638e-010 5.5872758678e-010 0.0000000000e+000 -5.5872756171e-010 -4.7703357595e-021 -5.5875557141e-010 0.0000000000e+000 5.5875367157e-010 2.0157045338e-015
d  1.1100000000e+000 1.2000000000e+000 2.1594098828e-006 3.0000000000e+002 1.4960255257e-014 -4.1142808865e-010 4.1140061916e-010 0.0000000000e+000 -4.1140064255e-010 -2.3950891192e-020 -4.1142806409e-010 0.0000000000e+000 4.1142595705e-010 2.0211574744e-015
d  1.1200000000e+000 1.2000000000e+000 1.5747707822e-006 3.0000000000e+002 1.4585554986e-014 -3.0294131093e-010 3.0291478044e-010 0.0000000000e+000 -3.0291477709e-010 7.3239114078e-021 -3.0294147010e-010 0.0000000000e+000 3.0293916590e-010 2.0273451981e-015
d  1.1300000000e+000 1.2000000000e+000 1.1485879573e-006 3.0000000000e+002 1.4058199049e-014 -2.2307405445e-010 2.2304791674e-010 0.0000000000e+000 -2.2304796019e-010 -1.6389029329e-020 -2.2307378431e-010 0.0000000000e+000 2.2307189450e-010 2.0341188800e-015
d  1.1400000000e+000 1.2000000000e+000 8.3792337806e-007 3.0000000000e+002 1.4044321262e-014 -1.6428299042e-010 1.6425725571e-010 0.0000000000e+000 -1.6425726907e-010 6.9209264683e-021 -1.6428302302e-010 0.0000000000e+000 1.6428082910e-010 2.0416982748e-015
d  1.1500000000e+000 1.2000000000e+000 6.1143940103e-007 3.0000000000e+002 1.3641865415e-014 -1.2100632172e-010 1.2098113574e-010 0.0000000000e+000 -1.2098116414e-010 -1.1352632473e-020 -1.2100619959e-010 0.0000000000e+000 1.2100416608e-010 2.0500178888e-015
d  1.1600000000e+000 1.2000000000e+000 4.4628914538e-007 3.0000000000e+002 1.3350431871e-014 -8.9145877746e-011 8.9120944447e-011 0.0000000000e+000 -8.9120946118e-011 -1.1050401690e-020 -8.9145416798e-011 0.0000000000e+000 8.9143697417e-011 2.0590092745e-015
d  1.1700000000e+000 1.2000000000e+000 3.2585927182e-007 3.0000000000e+002 1.3225531781e-014 -6.5690988022e-011 6.5666534291e-011 0.0000000000e+000 -6.5666529278e-011 -1.8806103330e-020 -6.5690784409e-011 0.0000000000e+000 6.5688811047e-011 2.0686907759e-015
d  1.1800000000e+000 1.2000000000e+000 2.3801864856e-007 3.0000000000e+002 1.3100631691e-014 -4.8421363924e-011 4.8397787215e-011 0.0000000000e+000 -4.8397839014e-011 -3.7102521184e-022 -4.8421754947e-011 0.0000000000e+000 4.8419170027e-011 2.0787475541e-015
d  1.1900000000e+000 1.2000000000e+000 1.7392257811e-007 3.0000000000e+002 1.2823075934e-014 -3.5703259251e-011 3.5679582281e-011 0.0000000000e+000 -3.5679577269e-011 2.9816266662e-021 -3.5703097193e-011 0.0000000000e+000 3.5701041956e-011 2.0890735349e-015
d  1.2000000000e+000 1.2000000000e+000 1.2714297690e-007 3.0000000000e+002 1.2490009027e-014 -2.6334816350e-011 2.6311718300e-011 0.0000000000e+000 -2.6311704933e-011 -1.3792585345e-020 -2.6334656743e-011 0.0000000000e+000 2.6332599835e-011 2.0992632174e-015
