v ATLAS
# This file was created by ATLAS version 5.26.1.R on Mon Sep 21 21:13:53 2026.
#SSF 2.0 generic
##############################################################################
#                    Copyright (c) 1984 - 2018                               #
#                    Silvaco Inc. All rights reserved                        #
#                                                                            #
# This file format and the following Key are copyright Silvaco Inc.          #
# You may not use, this format or key without reproducing this message in    #
# full and obtaining express written permission from Silvaco Inc.            #
#                                                                            #
# To obtain such permission please contact: Silvaco Inc.                     #
#                                           support@silvaco.com              #
#                                                                            #
# KEY=SVC86hn7562asdx                       PROD=345                         #
##############################################################################
y 3 700 711 15
z 0.899224 0.02 300
f 4 "source" "gate" "drain" "substrate" 
p 12 2 601 20 3 602 21 4 603 22 5 604 23 
d 0.000000000e+000 0.000000000e+000 -8.442323832e-006 1.500000000e+000 1.500000000e+000 0.000000000e+000 5.000000000e-002 5.000000000e-002 8.442323833e-006 0.000000000e+000 0.000000000e+000 -3.094810891e-016 
d 0.000000000e+000 0.000000000e+000 -1.651243370e-005 1.500000000e+000 1.500000000e+000 0.000000000e+000 1.000000000e-001 1.000000000e-001 1.651243370e-005 0.000000000e+000 0.000000000e+000 -5.122909606e-016 
d 0.000000000e+000 0.000000000e+000 -2.418593185e-005 1.500000000e+000 1.500000000e+000 0.000000000e+000 1.500000000e-001 1.500000000e-001 2.418593185e-005 0.000000000e+000 0.000000000e+000 -6.837048097e-016 
d 0.000000000e+000 0.000000000e+000 -3.144156313e-005 1.500000000e+000 1.500000000e+000 0.000000000e+000 2.000000000e-001 2.000000000e-001 3.144156313e-005 0.000000000e+000 0.000000000e+000 -8.350243070e-016 
d 0.000000000e+000 0.000000000e+000 -3.826156191e-005 1.500000000e+000 1.500000000e+000 0.000000000e+000 2.500000000e-001 2.500000000e-001 3.826156191e-005 0.000000000e+000 0.000000000e+000 -9.742018551e-016 
d 0.000000000e+000 0.000000000e+000 -4.463192426e-005 1.500000000e+000 1.500000000e+000 0.000000000e+000 3.000000000e-001 3.000000000e-001 4.463192426e-005 0.000000000e+000 0.000000000e+000 -1.112220841e-015 
d 0.000000000e+000 0.000000000e+000 -5.054256998e-005 1.500000000e+000 1.500000000e+000 0.000000000e+000 3.500000000e-001 3.500000000e-001 5.054256998e-005 0.000000000e+000 0.000000000e+000 -1.246784020e-015 
d 0.000000000e+000 0.000000000e+000 -5.598741649e-005 1.500000000e+000 1.500000000e+000 0.000000000e+000 4.000000000e-001 4.000000000e-001 5.598741650e-005 0.000000000e+000 0.000000000e+000 -1.369533769e-015 
d 0.000000000e+000 0.000000000e+000 -6.096438495e-005 1.500000000e+000 1.500000000e+000 0.000000000e+000 4.500000000e-001 4.500000000e-001 6.096438495e-005 0.000000000e+000 0.000000000e+000 -1.482371828e-015 
d 0.000000000e+000 0.000000000e+000 -6.547537757e-005 1.500000000e+000 1.500000000e+000 0.000000000e+000 5.000000000e-001 5.000000000e-001 6.547537757e-005 0.000000000e+000 0.000000000e+000 -1.593248024e-015 
d 0.000000000e+000 0.000000000e+000 -6.952624868e-005 1.500000000e+000 1.500000000e+000 0.000000000e+000 5.500000000e-001 5.500000000e-001 6.952624868e-005 0.000000000e+000 0.000000000e+000 -1.703564553e-015 
d 0.000000000e+000 0.000000000e+000 -7.312682199e-005 1.500000000e+000 1.500000000e+000 0.000000000e+000 6.000000000e-001 6.000000000e-001 7.312682199e-005 0.000000000e+000 0.000000000e+000 -1.806325456e-015 
d 0.000000000e+000 0.000000000e+000 -7.629101407e-005 1.500000000e+000 1.500000000e+000 0.000000000e+000 6.500000000e-001 6.500000000e-001 7.629101407e-005 0.000000000e+000 0.000000000e+000 -1.897424439e-015 
d 0.000000000e+000 0.000000000e+000 -7.903712568e-005 1.500000000e+000 1.500000000e+000 0.000000000e+000 7.000000000e-001 7.000000000e-001 7.903712568e-005 0.000000000e+000 0.000000000e+000 -1.980531708e-015 
d 0.000000000e+000 0.000000000e+000 -8.138835276e-005 1.500000000e+000 1.500000000e+000 0.000000000e+000 7.500000000e-001 7.500000000e-001 8.138835276e-005 0.000000000e+000 0.000000000e+000 -2.062177671e-015 
d 0.000000000e+000 0.000000000e+000 -8.337350486e-005 1.500000000e+000 1.500000000e+000 0.000000000e+000 8.000000000e-001 8.000000000e-001 8.337350486e-005 0.000000000e+000 0.000000000e+000 -2.145022188e-015 
d 0.000000000e+000 0.000000000e+000 -8.502774618e-005 1.500000000e+000 1.500000000e+000 0.000000000e+000 8.500000000e-001 8.500000000e-001 8.502774618e-005 0.000000000e+000 0.000000000e+000 -2.225059634e-015 
d 0.000000000e+000 0.000000000e+000 -8.639284518e-005 1.500000000e+000 1.500000000e+000 0.000000000e+000 9.000000000e-001 9.000000000e-001 8.639284518e-005 0.000000000e+000 0.000000000e+000 -2.296951318e-015 
d 0.000000000e+000 0.000000000e+000 -8.751607839e-005 1.500000000e+000 1.500000000e+000 0.000000000e+000 9.500000000e-001 9.500000000e-001 8.751607839e-005 0.000000000e+000 0.000000000e+000 -2.360096979e-015 
d 0.000000000e+000 0.000000000e+000 -8.844702571e-005 1.500000000e+000 1.500000000e+000 0.000000000e+000 1.000000000e+000 1.000000000e+000 8.844702571e-005 0.000000000e+000 0.000000000e+000 -2.418232861e-015 
d 0.000000000e+000 0.000000000e+000 -8.923275183e-005 1.500000000e+000 1.500000000e+000 0.000000000e+000 1.050000000e+000 1.050000000e+000 8.923275183e-005 0.000000000e+000 0.000000000e+000 -2.476426195e-015 
d 0.000000000e+000 0.000000000e+000 -8.991320935e-005 1.500000000e+000 1.500000000e+000 0.000000000e+000 1.100000000e+000 1.100000000e+000 8.991320935e-005 0.000000000e+000 0.000000000e+000 -2.537944328e-015 
d 0.000000000e+000 0.000000000e+000 -9.051877093e-005 1.500000000e+000 1.500000000e+000 0.000000000e+000 1.150000000e+000 1.150000000e+000 9.051877093e-005 0.000000000e+000 0.000000000e+000 -2.601977943e-015 
d 0.000000000e+000 0.000000000e+000 -9.107051024e-005 1.500000000e+000 1.500000000e+000 0.000000000e+000 1.200000000e+000 1.200000000e+000 9.107051024e-005 0.000000000e+000 0.000000000e+000 -2.664455648e-015 
d 0.000000000e+000 0.000000000e+000 -9.158230036e-005 1.500000000e+000 1.500000000e+000 0.000000000e+000 1.250000000e+000 1.250000000e+000 9.158230037e-005 0.000000000e+000 0.000000000e+000 -2.722032385e-015 
d 0.000000000e+000 0.000000000e+000 -9.206321157e-005 1.500000000e+000 1.500000000e+000 0.000000000e+000 1.300000000e+000 1.300000000e+000 9.206321157e-005 0.000000000e+000 0.000000000e+000 -2.774377022e-015 
d 0.000000000e+000 0.000000000e+000 -9.251933383e-005 1.500000000e+000 1.500000000e+000 0.000000000e+000 1.350000000e+000 1.350000000e+000 9.251933384e-005 0.000000000e+000 0.000000000e+000 -2.823448516e-015 
d 0.000000000e+000 0.000000000e+000 -9.295493001e-005 1.500000000e+000 1.500000000e+000 0.000000000e+000 1.400000000e+000 1.400000000e+000 9.295493002e-005 0.000000000e+000 0.000000000e+000 -2.872069874e-015 
d 0.000000000e+000 0.000000000e+000 -9.337310729e-005 1.500000000e+000 1.500000000e+000 0.000000000e+000 1.450000000e+000 1.450000000e+000 9.337310729e-005 0.000000000e+000 0.000000000e+000 -2.922974782e-015 
d 0.000000000e+000 0.000000000e+000 -9.377621359e-005 1.500000000e+000 1.500000000e+000 0.000000000e+000 1.500000000e+000 1.500000000e+000 9.377621359e-005 0.000000000e+000 0.000000000e+000 -2.977336417e-015 
