v ATLAS
# This file was created by ATLAS version 5.26.1.R on Mon Sep 21 21:13:38 2026.
#SSF 2.0 generic
##############################################################################
#                    Copyright (c) 1984 - 2018                               #
#                    Silvaco Inc. All rights reserved                        #
#                                                                            #
# This file format and the following Key are copyright Silvaco Inc.          #
# You may not use, this format or key without reproducing this message in    #
# full and obtaining express written permission from Silvaco Inc.            #
#                                                                            #
# To obtain such permission please contact: Silvaco Inc.                     #
#                                           support@silvaco.com              #
#                                                                            #
# KEY=SVC86hn7562asdx                       PROD=345                         #
##############################################################################
y 3 700 711 15
z 0.899224 0.02 300
f 4 "source" "gate" "drain" "substrate" 
p 12 2 601 20 3 602 21 4 603 22 5 604 23 
d 0.000000000e+000 0.000000000e+000 -2.624603694e-006 5.000000000e-001 5.000000000e-001 0.000000000e+000 5.000000000e-002 5.000000000e-002 2.624603695e-006 0.000000000e+000 0.000000000e+000 -3.072610320e-016 
d 0.000000000e+000 0.000000000e+000 -4.879936225e-006 5.000000000e-001 5.000000000e-001 0.000000000e+000 1.000000000e-001 1.000000000e-001 4.879936226e-006 0.000000000e+000 0.000000000e+000 -5.058954350e-016 
d 0.000000000e+000 0.000000000e+000 -6.768726697e-006 5.000000000e-001 5.000000000e-001 0.000000000e+000 1.500000000e-001 1.500000000e-001 6.768726698e-006 0.000000000e+000 0.000000000e+000 -6.709257017e-016 
d 0.000000000e+000 0.000000000e+000 -8.300827468e-006 5.000000000e-001 5.000000000e-001 0.000000000e+000 2.000000000e-001 2.000000000e-001 8.300827469e-006 0.000000000e+000 0.000000000e+000 -8.127977021e-016 
d 0.000000000e+000 0.000000000e+000 -9.495512382e-006 5.000000000e-001 5.000000000e-001 0.000000000e+000 2.500000000e-001 2.500000000e-001 9.495512383e-006 0.000000000e+000 0.000000000e+000 -9.386931112e-016 
d 0.000000000e+000 0.000000000e+000 -1.038455230e-005 5.000000000e-001 5.000000000e-001 0.000000000e+000 3.000000000e-001 3.000000000e-001 1.038455230e-005 0.000000000e+000 0.000000000e+000 -1.058976558e-015 
d 0.000000000e+000 0.000000000e+000 -1.101505590e-005 5.000000000e-001 5.000000000e-001 0.000000000e+000 3.500000000e-001 3.500000000e-001 1.101505590e-005 0.000000000e+000 0.000000000e+000 -1.171288646e-015 
d 0.000000000e+000 0.000000000e+000 -1.144842562e-005 5.000000000e-001 5.000000000e-001 0.000000000e+000 4.000000000e-001 4.000000000e-001 1.144842562e-005 0.000000000e+000 0.000000000e+000 -1.268189731e-015 
d 0.000000000e+000 0.000000000e+000 -1.175050569e-005 5.000000000e-001 5.000000000e-001 0.000000000e+000 4.500000000e-001 4.500000000e-001 1.175050569e-005 0.000000000e+000 0.000000000e+000 -1.352849865e-015 
d 0.000000000e+000 0.000000000e+000 -1.197580038e-005 5.000000000e-001 5.000000000e-001 0.000000000e+000 5.000000000e-001 5.000000000e-001 1.197580038e-005 0.000000000e+000 0.000000000e+000 -1.434463407e-015 
d 0.000000000e+000 0.000000000e+000 -1.215847553e-005 5.000000000e-001 5.000000000e-001 0.000000000e+000 5.500000000e-001 5.500000000e-001 1.215847554e-005 0.000000000e+000 0.000000000e+000 -1.515499870e-015 
d 0.000000000e+000 0.000000000e+000 -1.231580202e-005 5.000000000e-001 5.000000000e-001 0.000000000e+000 6.000000000e-001 6.000000000e-001 1.231580202e-005 0.000000000e+000 0.000000000e+000 -1.589960296e-015 
d 0.000000000e+000 0.000000000e+000 -1.245656877e-005 5.000000000e-001 5.000000000e-001 0.000000000e+000 6.500000000e-001 6.500000000e-001 1.245656877e-005 0.000000000e+000 0.000000000e+000 -1.654286745e-015 
d 0.000000000e+000 0.000000000e+000 -1.258636407e-005 5.000000000e-001 5.000000000e-001 0.000000000e+000 7.000000000e-001 7.000000000e-001 1.258636408e-005 0.000000000e+000 0.000000000e+000 -1.712455076e-015 
d 0.000000000e+000 0.000000000e+000 -1.270890713e-005 5.000000000e-001 5.000000000e-001 0.000000000e+000 7.500000000e-001 7.500000000e-001 1.270890713e-005 0.000000000e+000 0.000000000e+000 -1.771235408e-015 
d 0.000000000e+000 0.000000000e+000 -1.282636210e-005 5.000000000e-001 5.000000000e-001 0.000000000e+000 8.000000000e-001 8.000000000e-001 1.282636210e-005 0.000000000e+000 0.000000000e+000 -1.833850601e-015 
d 0.000000000e+000 0.000000000e+000 -1.293989638e-005 5.000000000e-001 5.000000000e-001 0.000000000e+000 8.500000000e-001 8.500000000e-001 1.293989638e-005 0.000000000e+000 0.000000000e+000 -1.897222138e-015 
d 0.000000000e+000 0.000000000e+000 -1.305017252e-005 5.000000000e-001 5.000000000e-001 0.000000000e+000 9.000000000e-001 9.000000000e-001 1.305017252e-005 0.000000000e+000 0.000000000e+000 -1.956074256e-015 
d 0.000000000e+000 0.000000000e+000 -1.315761634e-005 5.000000000e-001 5.000000000e-001 0.000000000e+000 9.500000000e-001 9.500000000e-001 1.315761634e-005 0.000000000e+000 0.000000000e+000 -2.009270332e-015 
d 0.000000000e+000 0.000000000e+000 -1.326250792e-005 5.000000000e-001 5.000000000e-001 0.000000000e+000 1.000000000e+000 1.000000000e+000 1.326250792e-005 0.000000000e+000 0.000000000e+000 -2.059569047e-015 
d 0.000000000e+000 0.000000000e+000 -1.336504698e-005 5.000000000e-001 5.000000000e-001 0.000000000e+000 1.050000000e+000 1.050000000e+000 1.336504698e-005 0.000000000e+000 0.000000000e+000 -2.111083822e-015 
d 0.000000000e+000 0.000000000e+000 -1.346551220e-005 5.000000000e-001 5.000000000e-001 0.000000000e+000 1.100000000e+000 1.100000000e+000 1.346551220e-005 0.000000000e+000 0.000000000e+000 -2.166903831e-015 
d 0.000000000e+000 0.000000000e+000 -1.356407007e-005 5.000000000e-001 5.000000000e-001 0.000000000e+000 1.150000000e+000 1.150000000e+000 1.356407007e-005 0.000000000e+000 0.000000000e+000 -2.226455372e-015 
d 0.000000000e+000 0.000000000e+000 -1.366088279e-005 5.000000000e-001 5.000000000e-001 0.000000000e+000 1.200000000e+000 1.200000000e+000 1.366088279e-005 0.000000000e+000 0.000000000e+000 -2.285872996e-015 
d 0.000000000e+000 0.000000000e+000 -1.375606866e-005 5.000000000e-001 5.000000000e-001 0.000000000e+000 1.250000000e+000 1.250000000e+000 1.375606866e-005 0.000000000e+000 0.000000000e+000 -2.341434492e-015 
d 0.000000000e+000 0.000000000e+000 -1.384973633e-005 5.000000000e-001 5.000000000e-001 0.000000000e+000 1.300000000e+000 1.300000000e+000 1.384973634e-005 0.000000000e+000 0.000000000e+000 -2.391921734e-015 
d 0.000000000e+000 0.000000000e+000 -1.394199211e-005 5.000000000e-001 5.000000000e-001 0.000000000e+000 1.350000000e+000 1.350000000e+000 1.394199211e-005 0.000000000e+000 0.000000000e+000 -2.438707556e-015 
d 0.000000000e+000 0.000000000e+000 -1.403292536e-005 5.000000000e-001 5.000000000e-001 0.000000000e+000 1.400000000e+000 1.400000000e+000 1.403292537e-005 0.000000000e+000 0.000000000e+000 -2.484340695e-015 
d 0.000000000e+000 0.000000000e+000 -1.412261753e-005 5.000000000e-001 5.000000000e-001 0.000000000e+000 1.450000000e+000 1.450000000e+000 1.412261753e-005 0.000000000e+000 0.000000000e+000 -2.531361650e-015 
d 0.000000000e+000 0.000000000e+000 -1.421114324e-005 5.000000000e-001 5.000000000e-001 0.000000000e+000 1.500000000e+000 1.500000000e+000 1.421114324e-005 0.000000000e+000 0.000000000e+000 -2.581396470e-015 
