v ATLAS
# This file was created by ATLAS version 5.26.1.R on Mon Sep 21 21:13:46 2026.
#SSF 2.0 generic
##############################################################################
#                    Copyright (c) 1984 - 2018                               #
#                    Silvaco Inc. All rights reserved                        #
#                                                                            #
# This file format and the following Key are copyright Silvaco Inc.          #
# You may not use, this format or key without reproducing this message in    #
# full and obtaining express written permission from Silvaco Inc.            #
#                                                                            #
# To obtain such permission please contact: Silvaco Inc.                     #
#                                           support@silvaco.com              #
#                                                                            #
# KEY=SVC86hn7562asdx                       PROD=345                         #
##############################################################################
y 3 700 711 15
z 0.899224 0.02 300
f 4 "source" "gate" "drain" "substrate" 
p 12 2 601 20 3 602 21 4 603 22 5 604 23 
d 0.000000000e+000 0.000000000e+000 -5.591885958e-006 1.000000000e+000 1.000000000e+000 0.000000000e+000 5.000000000e-002 5.000000000e-002 5.591885959e-006 0.000000000e+000 0.000000000e+000 -3.089350330e-016 
d 0.000000000e+000 0.000000000e+000 -1.081194329e-005 1.000000000e+000 1.000000000e+000 0.000000000e+000 1.000000000e-001 1.000000000e-001 1.081194329e-005 0.000000000e+000 0.000000000e+000 -5.107386094e-016 
d 0.000000000e+000 0.000000000e+000 -1.564574153e-005 1.000000000e+000 1.000000000e+000 0.000000000e+000 1.500000000e-001 1.500000000e-001 1.564574153e-005 0.000000000e+000 0.000000000e+000 -6.807949676e-016 
d 0.000000000e+000 0.000000000e+000 -2.008217735e-005 1.000000000e+000 1.000000000e+000 0.000000000e+000 2.000000000e-001 2.000000000e-001 2.008217735e-005 0.000000000e+000 0.000000000e+000 -8.301541020e-016 
d 0.000000000e+000 0.000000000e+000 -2.411378717e-005 1.000000000e+000 1.000000000e+000 0.000000000e+000 2.500000000e-001 2.500000000e-001 2.411378717e-005 0.000000000e+000 0.000000000e+000 -9.666758914e-016 
d 0.000000000e+000 0.000000000e+000 -2.773703335e-005 1.000000000e+000 1.000000000e+000 0.000000000e+000 3.000000000e-001 3.000000000e-001 2.773703335e-005 0.000000000e+000 0.000000000e+000 -1.101253371e-015 
d 0.000000000e+000 0.000000000e+000 -3.095257063e-005 1.000000000e+000 1.000000000e+000 0.000000000e+000 3.500000000e-001 3.500000000e-001 3.095257063e-005 0.000000000e+000 0.000000000e+000 -1.231496311e-015 
d 0.000000000e+000 0.000000000e+000 -3.376557444e-005 1.000000000e+000 1.000000000e+000 0.000000000e+000 4.000000000e-001 4.000000000e-001 3.376557444e-005 0.000000000e+000 0.000000000e+000 -1.348982974e-015 
d 0.000000000e+000 0.000000000e+000 -3.618621142e-005 1.000000000e+000 1.000000000e+000 0.000000000e+000 4.500000000e-001 4.500000000e-001 3.618621143e-005 0.000000000e+000 0.000000000e+000 -1.455558569e-015 
d 0.000000000e+000 0.000000000e+000 -3.823037021e-005 1.000000000e+000 1.000000000e+000 0.000000000e+000 5.000000000e-001 5.000000000e-001 3.823037021e-005 0.000000000e+000 0.000000000e+000 -1.559005591e-015 
d 0.000000000e+000 0.000000000e+000 -3.992073221e-005 1.000000000e+000 1.000000000e+000 0.000000000e+000 5.500000000e-001 5.500000000e-001 3.992073221e-005 0.000000000e+000 0.000000000e+000 -1.660615657e-015 
d 0.000000000e+000 0.000000000e+000 -4.128816011e-005 1.000000000e+000 1.000000000e+000 0.000000000e+000 6.000000000e-001 6.000000000e-001 4.128816011e-005 0.000000000e+000 0.000000000e+000 -1.753429522e-015 
d 0.000000000e+000 0.000000000e+000 -4.237287153e-005 1.000000000e+000 1.000000000e+000 0.000000000e+000 6.500000000e-001 6.500000000e-001 4.237287154e-005 0.000000000e+000 0.000000000e+000 -1.833299074e-015 
d 0.000000000e+000 0.000000000e+000 -4.322397727e-005 1.000000000e+000 1.000000000e+000 0.000000000e+000 7.000000000e-001 7.000000000e-001 4.322397727e-005 0.000000000e+000 0.000000000e+000 -1.904166570e-015 
d 0.000000000e+000 0.000000000e+000 -4.389535446e-005 1.000000000e+000 1.000000000e+000 0.000000000e+000 7.500000000e-001 7.500000000e-001 4.389535446e-005 0.000000000e+000 0.000000000e+000 -1.972968541e-015 
d 0.000000000e+000 0.000000000e+000 -4.443773954e-005 1.000000000e+000 1.000000000e+000 0.000000000e+000 8.000000000e-001 8.000000000e-001 4.443773955e-005 0.000000000e+000 0.000000000e+000 -2.043164546e-015 
d 0.000000000e+000 0.000000000e+000 -4.489169115e-005 1.000000000e+000 1.000000000e+000 0.000000000e+000 8.500000000e-001 8.500000000e-001 4.489169115e-005 0.000000000e+000 0.000000000e+000 -2.111711785e-015 
d 0.000000000e+000 0.000000000e+000 -4.528629306e-005 1.000000000e+000 1.000000000e+000 0.000000000e+000 9.000000000e-001 9.000000000e-001 4.528629306e-005 0.000000000e+000 0.000000000e+000 -2.173899300e-015 
d 0.000000000e+000 0.000000000e+000 -4.564145323e-005 1.000000000e+000 1.000000000e+000 0.000000000e+000 9.500000000e-001 9.500000000e-001 4.564145323e-005 0.000000000e+000 0.000000000e+000 -2.229212985e-015 
d 0.000000000e+000 0.000000000e+000 -4.596999841e-005 1.000000000e+000 1.000000000e+000 0.000000000e+000 1.000000000e+000 1.000000000e+000 4.596999841e-005 0.000000000e+000 0.000000000e+000 -2.281140877e-015 
d 0.000000000e+000 0.000000000e+000 -4.627958724e-005 1.000000000e+000 1.000000000e+000 0.000000000e+000 1.050000000e+000 1.050000000e+000 4.627958725e-005 0.000000000e+000 0.000000000e+000 -2.334423869e-015 
d 0.000000000e+000 0.000000000e+000 -4.657467949e-005 1.000000000e+000 1.000000000e+000 0.000000000e+000 1.100000000e+000 1.100000000e+000 4.657467949e-005 0.000000000e+000 0.000000000e+000 -2.392086582e-015 
d 0.000000000e+000 0.000000000e+000 -4.685799206e-005 1.000000000e+000 1.000000000e+000 0.000000000e+000 1.150000000e+000 1.150000000e+000 4.685799206e-005 0.000000000e+000 0.000000000e+000 -2.453263769e-015 
d 0.000000000e+000 0.000000000e+000 -4.713132172e-005 1.000000000e+000 1.000000000e+000 0.000000000e+000 1.200000000e+000 1.200000000e+000 4.713132172e-005 0.000000000e+000 0.000000000e+000 -2.513880253e-015 
d 0.000000000e+000 0.000000000e+000 -4.739595680e-005 1.000000000e+000 1.000000000e+000 0.000000000e+000 1.250000000e+000 1.250000000e+000 4.739595681e-005 0.000000000e+000 0.000000000e+000 -2.570305752e-015 
d 0.000000000e+000 0.000000000e+000 -4.765288096e-005 1.000000000e+000 1.000000000e+000 0.000000000e+000 1.300000000e+000 1.300000000e+000 4.765288096e-005 0.000000000e+000 0.000000000e+000 -2.621857123e-015 
d 0.000000000e+000 0.000000000e+000 -4.790287868e-005 1.000000000e+000 1.000000000e+000 0.000000000e+000 1.350000000e+000 1.350000000e+000 4.790287869e-005 0.000000000e+000 0.000000000e+000 -2.670127952e-015 
d 0.000000000e+000 0.000000000e+000 -4.814659503e-005 1.000000000e+000 1.000000000e+000 0.000000000e+000 1.400000000e+000 1.400000000e+000 4.814659503e-005 0.000000000e+000 0.000000000e+000 -2.717528965e-015 
d 0.000000000e+000 0.000000000e+000 -4.838457228e-005 1.000000000e+000 1.000000000e+000 0.000000000e+000 1.450000000e+000 1.450000000e+000 4.838457228e-005 0.000000000e+000 0.000000000e+000 -2.766692338e-015 
d 0.000000000e+000 0.000000000e+000 -4.861727415e-005 1.000000000e+000 1.000000000e+000 0.000000000e+000 1.500000000e+000 1.500000000e+000 4.861727416e-005 0.000000000e+000 0.000000000e+000 -2.818901032e-015 
