v ATLAS
# This file was created by ATLAS version 5.26.1.R on Mon Sep 21 21:16:04 2026.
#SSF 2.0 generic
##############################################################################
#                    Copyright (c) 1984 - 2018                               #
#                    Silvaco Inc. All rights reserved                        #
#                                                                            #
# This file format and the following Key are copyright Silvaco Inc.          #
# You may not use, this format or key without reproducing this message in    #
# full and obtaining express written permission from Silvaco Inc.            #
#                                                                            #
# To obtain such permission please contact: Silvaco Inc.                     #
#                                           support@silvaco.com              #
#                                                                            #
# KEY=SVC86hn7562asdx                       PROD=345                         #
##############################################################################
y 3 700 711 15
z 0.899224 0.02 300
f 4 "source" "gate" "drain" "substrate" 
p 12 2 601 20 3 602 21 4 603 22 5 604 23 
d 0.000000000e+000 0.000000000e+000 -4.005688766e-008 0.000000000e+000 0.000000000e+000 0.000000000e+000 5.000000000e-002 5.000000000e-002 4.005688794e-008 0.000000000e+000 0.000000000e+000 -2.893673063e-016 
d 0.000000000e+000 0.000000000e+000 -6.609119547e-008 2.000000000e-002 2.000000000e-002 0.000000000e+000 5.000000000e-002 5.000000000e-002 6.609119574e-008 0.000000000e+000 0.000000000e+000 -2.906708314e-016 
d 0.000000000e+000 0.000000000e+000 -1.042473594e-007 4.000000000e-002 4.000000000e-002 0.000000000e+000 5.000000000e-002 5.000000000e-002 1.042473597e-007 0.000000000e+000 0.000000000e+000 -2.923203605e-016 
d 0.000000000e+000 0.000000000e+000 -1.562847650e-007 6.000000000e-002 6.000000000e-002 0.000000000e+000 5.000000000e-002 5.000000000e-002 1.562847654e-007 0.000000000e+000 0.000000000e+000 -2.941720732e-016 
d 0.000000000e+000 0.000000000e+000 -2.224156470e-007 8.000000000e-002 8.000000000e-002 0.000000000e+000 5.000000000e-002 5.000000000e-002 2.224156473e-007 0.000000000e+000 0.000000000e+000 -2.959776315e-016 
d 0.000000000e+000 0.000000000e+000 -3.013910115e-007 1.000000000e-001 1.000000000e-001 0.000000000e+000 5.000000000e-002 5.000000000e-002 3.013910117e-007 0.000000000e+000 0.000000000e+000 -2.976420561e-016 
d 0.000000000e+000 0.000000000e+000 -3.911129490e-007 1.200000000e-001 1.200000000e-001 0.000000000e+000 5.000000000e-002 5.000000000e-002 3.911129493e-007 0.000000000e+000 0.000000000e+000 -2.990539287e-016 
d 0.000000000e+000 0.000000000e+000 -4.893054865e-007 1.400000000e-001 1.400000000e-001 0.000000000e+000 5.000000000e-002 5.000000000e-002 4.893054868e-007 0.000000000e+000 0.000000000e+000 -3.002889441e-016 
d 0.000000000e+000 0.000000000e+000 -5.939344768e-007 1.600000000e-001 1.600000000e-001 0.000000000e+000 5.000000000e-002 5.000000000e-002 5.939344771e-007 0.000000000e+000 0.000000000e+000 -3.013045108e-016 
d 0.000000000e+000 0.000000000e+000 -7.033585182e-007 1.800000000e-001 1.800000000e-001 0.000000000e+000 5.000000000e-002 5.000000000e-002 7.033585185e-007 0.000000000e+000 0.000000000e+000 -3.021305491e-016 
d 0.000000000e+000 0.000000000e+000 -8.163216372e-007 2.000000000e-001 2.000000000e-001 0.000000000e+000 5.000000000e-002 5.000000000e-002 8.163216375e-007 0.000000000e+000 0.000000000e+000 -3.028324222e-016 
d 0.000000000e+000 0.000000000e+000 -9.318862821e-007 2.200000000e-001 2.200000000e-001 0.000000000e+000 5.000000000e-002 5.000000000e-002 9.318862824e-007 0.000000000e+000 0.000000000e+000 -3.034788740e-016 
d 0.000000000e+000 0.000000000e+000 -1.049358515e-006 2.400000000e-001 2.400000000e-001 0.000000000e+000 5.000000000e-002 5.000000000e-002 1.049358516e-006 0.000000000e+000 0.000000000e+000 -3.040169581e-016 
d 0.000000000e+000 0.000000000e+000 -1.168224457e-006 2.600000000e-001 2.600000000e-001 0.000000000e+000 5.000000000e-002 5.000000000e-002 1.168224457e-006 0.000000000e+000 0.000000000e+000 -3.044619932e-016 
d 0.000000000e+000 0.000000000e+000 -1.288101588e-006 2.800000000e-001 2.800000000e-001 0.000000000e+000 5.000000000e-002 5.000000000e-002 1.288101589e-006 0.000000000e+000 0.000000000e+000 -3.048673054e-016 
d 0.000000000e+000 0.000000000e+000 -1.408703075e-006 3.000000000e-001 3.000000000e-001 0.000000000e+000 5.000000000e-002 5.000000000e-002 1.408703075e-006 0.000000000e+000 0.000000000e+000 -3.052110082e-016 
d 0.000000000e+000 0.000000000e+000 -1.529812087e-006 3.200000000e-001 3.200000000e-001 0.000000000e+000 5.000000000e-002 5.000000000e-002 1.529812087e-006 0.000000000e+000 0.000000000e+000 -3.055322097e-016 
d 0.000000000e+000 0.000000000e+000 -1.651263406e-006 3.400000000e-001 3.400000000e-001 0.000000000e+000 5.000000000e-002 5.000000000e-002 1.651263407e-006 0.000000000e+000 0.000000000e+000 -3.058112826e-016 
d 0.000000000e+000 0.000000000e+000 -1.772930206e-006 3.600000000e-001 3.600000000e-001 0.000000000e+000 5.000000000e-002 5.000000000e-002 1.772930206e-006 0.000000000e+000 0.000000000e+000 -3.060358435e-016 
d 0.000000000e+000 0.000000000e+000 -1.894714486e-006 3.800000000e-001 3.800000000e-001 0.000000000e+000 5.000000000e-002 5.000000000e-002 1.894714486e-006 0.000000000e+000 0.000000000e+000 -3.062644837e-016 
d 0.000000000e+000 0.000000000e+000 -2.016540099e-006 4.000000000e-001 4.000000000e-001 0.000000000e+000 5.000000000e-002 5.000000000e-002 2.016540099e-006 0.000000000e+000 0.000000000e+000 -3.064637581e-016 
d 0.000000000e+000 0.000000000e+000 -2.138347613e-006 4.200000000e-001 4.200000000e-001 0.000000000e+000 5.000000000e-002 5.000000000e-002 2.138347613e-006 0.000000000e+000 0.000000000e+000 -3.066564817e-016 
d 0.000000000e+000 0.000000000e+000 -2.260090487e-006 4.400000000e-001 4.400000000e-001 0.000000000e+000 5.000000000e-002 5.000000000e-002 2.260090488e-006 0.000000000e+000 0.000000000e+000 -3.068311732e-016 
d 0.000000000e+000 0.000000000e+000 -2.381732206e-006 4.600000000e-001 4.600000000e-001 0.000000000e+000 5.000000000e-002 5.000000000e-002 2.381732206e-006 0.000000000e+000 0.000000000e+000 -3.069789031e-016 
d 0.000000000e+000 0.000000000e+000 -2.503244102e-006 4.800000000e-001 4.800000000e-001 0.000000000e+000 5.000000000e-002 5.000000000e-002 2.503244102e-006 0.000000000e+000 0.000000000e+000 -3.071217777e-016 
d 0.000000000e+000 0.000000000e+000 -2.624603694e-006 5.000000000e-001 5.000000000e-001 0.000000000e+000 5.000000000e-002 5.000000000e-002 2.624603695e-006 0.000000000e+000 0.000000000e+000 -3.072587374e-016 
d 0.000000000e+000 0.000000000e+000 -2.745793411e-006 5.200000000e-001 5.200000000e-001 0.000000000e+000 5.000000000e-002 5.000000000e-002 2.745793411e-006 0.000000000e+000 0.000000000e+000 -3.073844516e-016 
d 0.000000000e+000 0.000000000e+000 -2.866799588e-006 5.400000000e-001 5.400000000e-001 0.000000000e+000 5.000000000e-002 5.000000000e-002 2.866799588e-006 0.000000000e+000 0.000000000e+000 -3.074998262e-016 
d 0.000000000e+000 0.000000000e+000 -2.987611698e-006 5.600000000e-001 5.600000000e-001 0.000000000e+000 5.000000000e-002 5.000000000e-002 2.987611698e-006 0.000000000e+000 0.000000000e+000 -3.076105262e-016 
d 0.000000000e+000 0.000000000e+000 -3.108221731e-006 5.800000000e-001 5.800000000e-001 0.000000000e+000 5.000000000e-002 5.000000000e-002 3.108221731e-006 0.000000000e+000 0.000000000e+000 -3.077231269e-016 
d 0.000000000e+000 0.000000000e+000 -3.228623711e-006 6.000000000e-001 6.000000000e-001 0.000000000e+000 5.000000000e-002 5.000000000e-002 3.228623712e-006 0.000000000e+000 0.000000000e+000 -3.078003440e-016 
d 0.000000000e+000 0.000000000e+000 -3.348813311e-006 6.200000000e-001 6.200000000e-001 0.000000000e+000 5.000000000e-002 5.000000000e-002 3.348813311e-006 0.000000000e+000 0.000000000e+000 -3.078893828e-016 
d 0.000000000e+000 0.000000000e+000 -3.468787537e-006 6.400000000e-001 6.400000000e-001 0.000000000e+000 5.000000000e-002 5.000000000e-002 3.468787537e-006 0.000000000e+000 0.000000000e+000 -3.079648560e-016 
d 0.000000000e+000 0.000000000e+000 -3.588544482e-006 6.600000000e-001 6.600000000e-001 0.000000000e+000 5.000000000e-002 5.000000000e-002 3.588544482e-006 0.000000000e+000 0.000000000e+000 -3.080740370e-016 
d 0.000000000e+000 0.000000000e+000 -3.708083123e-006 6.800000000e-001 6.800000000e-001 0.000000000e+000 5.000000000e-002 5.000000000e-002 3.708083123e-006 0.000000000e+000 0.000000000e+000 -3.081242216e-016 
d 0.000000000e+000 0.000000000e+000 -3.827403153e-006 7.000000000e-001 7.000000000e-001 0.000000000e+000 5.000000000e-002 5.000000000e-002 3.827403154e-006 0.000000000e+000 0.000000000e+000 -3.082072445e-016 
d 0.000000000e+000 0.000000000e+000 -3.946504854e-006 7.200000000e-001 7.200000000e-001 0.000000000e+000 5.000000000e-002 5.000000000e-002 3.946504855e-006 0.000000000e+000 0.000000000e+000 -3.082715471e-016 
d 0.000000000e+000 0.000000000e+000 -4.065388983e-006 7.400000000e-001 7.400000000e-001 0.000000000e+000 5.000000000e-002 5.000000000e-002 4.065388984e-006 0.000000000e+000 0.000000000e+000 -3.083170202e-016 
d 0.000000000e+000 0.000000000e+000 -4.184056682e-006 7.600000000e-001 7.600000000e-001 0.000000000e+000 5.000000000e-002 5.000000000e-002 4.184056682e-006 0.000000000e+000 0.000000000e+000 -3.083858764e-016 
d 0.000000000e+000 0.000000000e+000 -4.302509400e-006 7.800000000e-001 7.800000000e-001 0.000000000e+000 5.000000000e-002 5.000000000e-002 4.302509401e-006 0.000000000e+000 0.000000000e+000 -3.084455463e-016 
d 0.000000000e+000 0.000000000e+000 -4.420748841e-006 8.000000000e-001 8.000000000e-001 0.000000000e+000 5.000000000e-002 5.000000000e-002 4.420748841e-006 0.000000000e+000 0.000000000e+000 -3.084971906e-016 
d 0.000000000e+000 0.000000000e+000 -4.538776903e-006 8.200000000e-001 8.200000000e-001 0.000000000e+000 5.000000000e-002 5.000000000e-002 4.538776904e-006 0.000000000e+000 0.000000000e+000 -3.085401584e-016 
d 0.000000000e+000 0.000000000e+000 -4.656595647e-006 8.400000000e-001 8.400000000e-001 0.000000000e+000 5.000000000e-002 5.000000000e-002 4.656595647e-006 0.000000000e+000 0.000000000e+000 -3.086009767e-016 
d 0.000000000e+000 0.000000000e+000 -4.774207250e-006 8.600000000e-001 8.600000000e-001 0.000000000e+000 5.000000000e-002 5.000000000e-002 4.774207250e-006 0.000000000e+000 0.000000000e+000 -3.086277198e-016 
d 0.000000000e+000 0.000000000e+000 -4.891613987e-006 8.800000000e-001 8.800000000e-001 0.000000000e+000 5.000000000e-002 5.000000000e-002 4.891613987e-006 0.000000000e+000 0.000000000e+000 -3.086704712e-016 
d 0.000000000e+000 0.000000000e+000 -5.008818199e-006 9.000000000e-001 9.000000000e-001 0.000000000e+000 5.000000000e-002 5.000000000e-002 5.008818199e-006 0.000000000e+000 0.000000000e+000 -3.087209787e-016 
d 0.000000000e+000 0.000000000e+000 -5.125822277e-006 9.200000000e-001 9.200000000e-001 0.000000000e+000 5.000000000e-002 5.000000000e-002 5.125822278e-006 0.000000000e+000 0.000000000e+000 -3.087484247e-016 
d 0.000000000e+000 0.000000000e+000 -5.242628647e-006 9.400000000e-001 9.400000000e-001 0.000000000e+000 5.000000000e-002 5.000000000e-002 5.242628648e-006 0.000000000e+000 0.000000000e+000 -3.088191831e-016 
d 0.000000000e+000 0.000000000e+000 -5.359239751e-006 9.600000000e-001 9.600000000e-001 0.000000000e+000 5.000000000e-002 5.000000000e-002 5.359239751e-006 0.000000000e+000 0.000000000e+000 -3.088426211e-016 
d 0.000000000e+000 0.000000000e+000 -5.475658039e-006 9.800000000e-001 9.800000000e-001 0.000000000e+000 5.000000000e-002 5.000000000e-002 5.475658039e-006 0.000000000e+000 0.000000000e+000 -3.088769270e-016 
d 0.000000000e+000 0.000000000e+000 -5.591885958e-006 1.000000000e+000 1.000000000e+000 0.000000000e+000 5.000000000e-002 5.000000000e-002 5.591885959e-006 0.000000000e+000 0.000000000e+000 -3.089241461e-016 
d 0.000000000e+000 0.000000000e+000 -5.707925948e-006 1.020000000e+000 1.020000000e+000 0.000000000e+000 5.000000000e-002 5.000000000e-002 5.707925948e-006 0.000000000e+000 0.000000000e+000 -3.089533819e-016 
d 0.000000000e+000 0.000000000e+000 -5.823780429e-006 1.040000000e+000 1.040000000e+000 0.000000000e+000 5.000000000e-002 5.000000000e-002 5.823780430e-006 0.000000000e+000 0.000000000e+000 -3.089737412e-016 
d 0.000000000e+000 0.000000000e+000 -5.939451802e-006 1.060000000e+000 1.060000000e+000 0.000000000e+000 5.000000000e-002 5.000000000e-002 5.939451802e-006 0.000000000e+000 0.000000000e+000 -3.090037641e-016 
d 0.000000000e+000 0.000000000e+000 -6.054942437e-006 1.080000000e+000 1.080000000e+000 0.000000000e+000 5.000000000e-002 5.000000000e-002 6.054942438e-006 0.000000000e+000 0.000000000e+000 -3.090447296e-016 
d 0.000000000e+000 0.000000000e+000 -6.170254681e-006 1.100000000e+000 1.100000000e+000 0.000000000e+000 5.000000000e-002 5.000000000e-002 6.170254681e-006 0.000000000e+000 0.000000000e+000 -3.090907516e-016 
d 0.000000000e+000 0.000000000e+000 -6.285390846e-006 1.120000000e+000 1.120000000e+000 0.000000000e+000 5.000000000e-002 5.000000000e-002 6.285390846e-006 0.000000000e+000 0.000000000e+000 -3.091077452e-016 
d 0.000000000e+000 0.000000000e+000 -6.400353210e-006 1.140000000e+000 1.140000000e+000 0.000000000e+000 5.000000000e-002 5.000000000e-002 6.400353210e-006 0.000000000e+000 0.000000000e+000 -3.091386237e-016 
d 0.000000000e+000 0.000000000e+000 -6.515144013e-006 1.160000000e+000 1.160000000e+000 0.000000000e+000 5.000000000e-002 5.000000000e-002 6.515144014e-006 0.000000000e+000 0.000000000e+000 -3.091424178e-016 
d 0.000000000e+000 0.000000000e+000 -6.629765461e-006 1.180000000e+000 1.180000000e+000 0.000000000e+000 5.000000000e-002 5.000000000e-002 6.629765461e-006 0.000000000e+000 0.000000000e+000 -3.091872308e-016 
d 0.000000000e+000 0.000000000e+000 -6.744219717e-006 1.200000000e+000 1.200000000e+000 0.000000000e+000 5.000000000e-002 5.000000000e-002 6.744219718e-006 0.000000000e+000 0.000000000e+000 -3.091779642e-016 
d 0.000000000e+000 0.000000000e+000 -6.858508910e-006 1.220000000e+000 1.220000000e+000 0.000000000e+000 5.000000000e-002 5.000000000e-002 6.858508910e-006 0.000000000e+000 0.000000000e+000 -3.092057952e-016 
d 0.000000000e+000 0.000000000e+000 -6.972635126e-006 1.240000000e+000 1.240000000e+000 0.000000000e+000 5.000000000e-002 5.000000000e-002 6.972635126e-006 0.000000000e+000 0.000000000e+000 -3.092452044e-016 
d 0.000000000e+000 0.000000000e+000 -7.086600412e-006 1.260000000e+000 1.260000000e+000 0.000000000e+000 5.000000000e-002 5.000000000e-002 7.086600412e-006 0.000000000e+000 0.000000000e+000 -3.092740120e-016 
d 0.000000000e+000 0.000000000e+000 -7.200406777e-006 1.280000000e+000 1.280000000e+000 0.000000000e+000 5.000000000e-002 5.000000000e-002 7.200406778e-006 0.000000000e+000 0.000000000e+000 -3.092878604e-016 
d 0.000000000e+000 0.000000000e+000 -7.314056191e-006 1.300000000e+000 1.300000000e+000 0.000000000e+000 5.000000000e-002 5.000000000e-002 7.314056191e-006 0.000000000e+000 0.000000000e+000 -3.093038085e-016 
d 0.000000000e+000 0.000000000e+000 -7.427550582e-006 1.320000000e+000 1.320000000e+000 0.000000000e+000 5.000000000e-002 5.000000000e-002 7.427550582e-006 0.000000000e+000 0.000000000e+000 -3.093323115e-016 
d 0.000000000e+000 0.000000000e+000 -7.540891842e-006 1.340000000e+000 1.340000000e+000 0.000000000e+000 5.000000000e-002 5.000000000e-002 7.540891843e-006 0.000000000e+000 0.000000000e+000 -3.093550393e-016 
d 0.000000000e+000 0.000000000e+000 -7.654081825e-006 1.360000000e+000 1.360000000e+000 0.000000000e+000 5.000000000e-002 5.000000000e-002 7.654081825e-006 0.000000000e+000 0.000000000e+000 -3.093788266e-016 
d 0.000000000e+000 0.000000000e+000 -7.767122345e-006 1.380000000e+000 1.380000000e+000 0.000000000e+000 5.000000000e-002 5.000000000e-002 7.767122345e-006 0.000000000e+000 0.000000000e+000 -3.094009467e-016 
d 0.000000000e+000 0.000000000e+000 -7.880015181e-006 1.400000000e+000 1.400000000e+000 0.000000000e+000 5.000000000e-002 5.000000000e-002 7.880015181e-006 0.000000000e+000 0.000000000e+000 -3.094148996e-016 
d 0.000000000e+000 0.000000000e+000 -7.992762075e-006 1.420000000e+000 1.420000000e+000 0.000000000e+000 5.000000000e-002 5.000000000e-002 7.992762075e-006 0.000000000e+000 0.000000000e+000 -3.094252249e-016 
d 0.000000000e+000 0.000000000e+000 -8.105364733e-006 1.440000000e+000 1.440000000e+000 0.000000000e+000 5.000000000e-002 5.000000000e-002 8.105364733e-006 0.000000000e+000 0.000000000e+000 -3.094298332e-016 
d 0.000000000e+000 0.000000000e+000 -8.217824826e-006 1.460000000e+000 1.460000000e+000 0.000000000e+000 5.000000000e-002 5.000000000e-002 8.217824826e-006 0.000000000e+000 0.000000000e+000 -3.094704632e-016 
d 0.000000000e+000 0.000000000e+000 -8.330143992e-006 1.480000000e+000 1.480000000e+000 0.000000000e+000 5.000000000e-002 5.000000000e-002 8.330143992e-006 0.000000000e+000 0.000000000e+000 -3.094696837e-016 
d 0.000000000e+000 0.000000000e+000 -8.442323832e-006 1.500000000e+000 1.500000000e+000 0.000000000e+000 5.000000000e-002 5.000000000e-002 8.442323833e-006 0.000000000e+000 0.000000000e+000 -3.094944237e-016 
