v ATLAS
# This file was created by ATLAS version 5.26.1.R on Thu Sep 24 11:20:34 2026.
#SSF 2.0 generic
##############################################################################
#                    Copyright (c) 1984 - 2018                               #
#                    Silvaco Inc. All rights reserved                        #
#                                                                            #
# This file format and the following Key are copyright Silvaco Inc.          #
# You may not use, this format or key without reproducing this message in    #
# full and obtaining express written permission from Silvaco Inc.            #
#                                                                            #
# To obtain such permission please contact: Silvaco Inc.                     #
#                                           support@silvaco.com              #
#                                                                            #
# KEY=SVC86hn7562asdx                       PROD=345                         #
##############################################################################
y 3 700 711 15
z 0.899224 0.02 300
f 4 "source" "gate" "drain" "substrate" 
p 12 2 601 20 3 602 21 4 603 22 5 604 23 
d 0.000000000e+000 0.000000000e+000 2.936485036e-007 -5.000000000e-001 -5.000000000e-001 0.000000000e+000 -5.000000000e-002 -5.000000000e-002 -2.936144799e-007 0.000000000e+000 0.000000000e+000 2.937823319e-016 
d 0.000000000e+000 0.000000000e+000 4.966081029e-007 -5.000000000e-001 -5.000000000e-001 0.000000000e+000 -1.000000000e-001 -1.000000000e-001 -4.966081031e-007 0.000000000e+000 0.000000000e+000 4.824765492e-016 
d 0.000000000e+000 0.000000000e+000 6.233017580e-007 -5.000000000e-001 -5.000000000e-001 0.000000000e+000 -1.500000000e-001 -1.500000000e-001 -6.233017586e-007 0.000000000e+000 0.000000000e+000 6.338657035e-016 
d 0.000000000e+000 0.000000000e+000 6.946801352e-007 -5.000000000e-001 -5.000000000e-001 0.000000000e+000 -2.000000000e-001 -2.000000000e-001 -6.946801358e-007 0.000000000e+000 0.000000000e+000 7.571258887e-016 
d 0.000000000e+000 0.000000000e+000 7.337468352e-007 -5.000000000e-001 -5.000000000e-001 0.000000000e+000 -2.500000000e-001 -2.500000000e-001 -7.337468359e-007 0.000000000e+000 0.000000000e+000 8.612165864e-016 
d 0.000000000e+000 0.000000000e+000 7.577317527e-007 -5.000000000e-001 -5.000000000e-001 0.000000000e+000 -3.000000000e-001 -3.000000000e-001 -7.577317535e-007 0.000000000e+000 0.000000000e+000 9.600587945e-016 
d 0.000000000e+000 0.000000000e+000 7.754104139e-007 -5.000000000e-001 -5.000000000e-001 0.000000000e+000 -3.500000000e-001 -3.500000000e-001 -7.754104151e-007 0.000000000e+000 0.000000000e+000 1.054756843e-015 
d 0.000000000e+000 0.000000000e+000 7.902030704e-007 -5.000000000e-001 -5.000000000e-001 0.000000000e+000 -4.000000000e-001 -4.000000000e-001 -7.902030715e-007 0.000000000e+000 0.000000000e+000 1.139178577e-015 
d 0.000000000e+000 0.000000000e+000 8.033283489e-007 -5.000000000e-001 -5.000000000e-001 0.000000000e+000 -4.500000000e-001 -4.500000000e-001 -8.033283498e-007 0.000000000e+000 0.000000000e+000 1.215660058e-015 
d 0.000000000e+000 0.000000000e+000 8.153217519e-007 -5.000000000e-001 -5.000000000e-001 0.000000000e+000 -5.000000000e-001 -5.000000000e-001 -8.153217532e-007 0.000000000e+000 0.000000000e+000 1.291465687e-015 
d 0.000000000e+000 0.000000000e+000 8.265506258e-007 -5.000000000e-001 -5.000000000e-001 0.000000000e+000 -5.500000000e-001 -5.500000000e-001 -8.265506273e-007 0.000000000e+000 0.000000000e+000 1.368084173e-015 
d 0.000000000e+000 0.000000000e+000 8.372776077e-007 -5.000000000e-001 -5.000000000e-001 0.000000000e+000 -6.000000000e-001 -6.000000000e-001 -8.372776091e-007 0.000000000e+000 0.000000000e+000 1.439396520e-015 
d 0.000000000e+000 0.000000000e+000 8.476539902e-007 -5.000000000e-001 -5.000000000e-001 0.000000000e+000 -6.500000000e-001 -6.500000000e-001 -8.476539916e-007 0.000000000e+000 0.000000000e+000 1.501804350e-015 
d 0.000000000e+000 0.000000000e+000 8.577540722e-007 -5.000000000e-001 -5.000000000e-001 0.000000000e+000 -7.000000000e-001 -7.000000000e-001 -8.577540740e-007 0.000000000e+000 0.000000000e+000 1.558835687e-015 
d 0.000000000e+000 0.000000000e+000 8.676323746e-007 -5.000000000e-001 -5.000000000e-001 0.000000000e+000 -7.500000000e-001 -7.500000000e-001 -8.676323757e-007 0.000000000e+000 0.000000000e+000 1.616770807e-015 
d 0.000000000e+000 0.000000000e+000 8.773226536e-007 -5.000000000e-001 -5.000000000e-001 0.000000000e+000 -8.000000000e-001 -8.000000000e-001 -8.773226552e-007 0.000000000e+000 0.000000000e+000 1.678789498e-015 
d 0.000000000e+000 0.000000000e+000 8.868452637e-007 -5.000000000e-001 -5.000000000e-001 0.000000000e+000 -8.500000000e-001 -8.500000000e-001 -8.868452648e-007 0.000000000e+000 0.000000000e+000 1.741929478e-015 
d 0.000000000e+000 0.000000000e+000 8.962189128e-007 -5.000000000e-001 -5.000000000e-001 0.000000000e+000 -9.000000000e-001 -9.000000000e-001 -8.962189147e-007 0.000000000e+000 0.000000000e+000 1.801072901e-015 
d 0.000000000e+000 0.000000000e+000 9.054552681e-007 -5.000000000e-001 -5.000000000e-001 0.000000000e+000 -9.500000000e-001 -9.500000000e-001 -9.054552693e-007 0.000000000e+000 0.000000000e+000 1.854732270e-015 
d 0.000000000e+000 0.000000000e+000 9.145667303e-007 -5.000000000e-001 -5.000000000e-001 0.000000000e+000 -1.000000000e+000 -1.000000000e+000 -9.145667324e-007 0.000000000e+000 0.000000000e+000 1.905515096e-015 
d 0.000000000e+000 0.000000000e+000 9.235648604e-007 -5.000000000e-001 -5.000000000e-001 0.000000000e+000 -1.050000000e+000 -1.050000000e+000 -9.235648624e-007 0.000000000e+000 0.000000000e+000 1.957543873e-015 
d 0.000000000e+000 0.000000000e+000 9.324589686e-007 -5.000000000e-001 -5.000000000e-001 0.000000000e+000 -1.100000000e+000 -1.100000000e+000 -9.324589705e-007 0.000000000e+000 0.000000000e+000 2.013801302e-015 
d 0.000000000e+000 0.000000000e+000 9.412543263e-007 -5.000000000e-001 -5.000000000e-001 0.000000000e+000 -1.150000000e+000 -1.150000000e+000 -9.412543284e-007 0.000000000e+000 0.000000000e+000 2.073865609e-015 
d 0.000000000e+000 0.000000000e+000 9.499493496e-007 -5.000000000e-001 -5.000000000e-001 0.000000000e+000 -1.200000000e+000 -1.200000000e+000 -9.499493524e-007 0.000000000e+000 0.000000000e+000 2.134022926e-015 
d 0.000000000e+000 0.000000000e+000 9.585569792e-007 -5.000000000e-001 -5.000000000e-001 0.000000000e+000 -1.250000000e+000 -1.250000000e+000 -9.585569813e-007 0.000000000e+000 0.000000000e+000 2.190513715e-015 
d 0.000000000e+000 0.000000000e+000 9.670883921e-007 -5.000000000e-001 -5.000000000e-001 0.000000000e+000 -1.300000000e+000 -1.300000000e+000 -9.670883943e-007 0.000000000e+000 0.000000000e+000 2.242013030e-015 
d 0.000000000e+000 0.000000000e+000 9.755499695e-007 -5.000000000e-001 -5.000000000e-001 0.000000000e+000 -1.350000000e+000 -1.350000000e+000 -9.755499710e-007 0.000000000e+000 0.000000000e+000 2.289652429e-015 
d 0.000000000e+000 0.000000000e+000 9.839494276e-007 -5.000000000e-001 -5.000000000e-001 0.000000000e+000 -1.400000000e+000 -1.400000000e+000 -9.839494304e-007 0.000000000e+000 0.000000000e+000 2.335887849e-015 
d 0.000000000e+000 0.000000000e+000 9.922822538e-007 -5.000000000e-001 -5.000000000e-001 0.000000000e+000 -1.450000000e+000 -1.450000000e+000 -9.922822561e-007 0.000000000e+000 0.000000000e+000 2.383359926e-015 
d 0.000000000e+000 0.000000000e+000 1.000558549e-006 -5.000000000e-001 -5.000000000e-001 0.000000000e+000 -1.500000000e+000 -1.500000000e+000 -1.000558551e-006 0.000000000e+000 0.000000000e+000 2.433784799e-015 
