v ATLAS
# This file was created by ATLAS version 5.26.1.R on Thu Sep 24 11:24:53 2026.
#SSF 2.0 generic
##############################################################################
#                    Copyright (c) 1984 - 2018                               #
#                    Silvaco Inc. All rights reserved                        #
#                                                                            #
# This file format and the following Key are copyright Silvaco Inc.          #
# You may not use, this format or key without reproducing this message in    #
# full and obtaining express written permission from Silvaco Inc.            #
#                                                                            #
# To obtain such permission please contact: Silvaco Inc.                     #
#                                           support@silvaco.com              #
#                                                                            #
# KEY=SVC86hn7562asdx                       PROD=345                         #
##############################################################################
y 3 700 711 15
z 0.899224 0.02 300
f 4 "source" "gate" "drain" "substrate" 
p 12 2 601 20 3 602 21 4 603 22 5 604 23 
d 0.000000000e+000 0.000000000e+000 7.560705968e-007 -8.000000000e-001 -8.000000000e-001 0.000000000e+000 -5.000000000e-002 -5.000000000e-002 -7.560364485e-007 0.000000000e+000 0.000000000e+000 2.970713769e-016 
d 0.000000000e+000 0.000000000e+000 1.408267920e-006 -8.000000000e-001 -8.000000000e-001 0.000000000e+000 -1.000000000e-001 -1.000000000e-001 -1.408267921e-006 0.000000000e+000 0.000000000e+000 4.943528968e-016 
d 0.000000000e+000 0.000000000e+000 1.960798629e-006 -8.000000000e-001 -8.000000000e-001 0.000000000e+000 -1.500000000e-001 -1.500000000e-001 -1.960798630e-006 0.000000000e+000 0.000000000e+000 6.600871622e-016 
d 0.000000000e+000 0.000000000e+000 2.419003451e-006 -8.000000000e-001 -8.000000000e-001 0.000000000e+000 -2.000000000e-001 -2.000000000e-001 -2.419003452e-006 0.000000000e+000 0.000000000e+000 8.036583536e-016 
d 0.000000000e+000 0.000000000e+000 2.789569686e-006 -8.000000000e-001 -8.000000000e-001 0.000000000e+000 -2.500000000e-001 -2.500000000e-001 -2.789569687e-006 0.000000000e+000 0.000000000e+000 9.322211500e-016 
d 0.000000000e+000 0.000000000e+000 3.080644820e-006 -8.000000000e-001 -8.000000000e-001 0.000000000e+000 -3.000000000e-001 -3.000000000e-001 -3.080644821e-006 0.000000000e+000 0.000000000e+000 1.056284473e-015 
d 0.000000000e+000 0.000000000e+000 3.302393303e-006 -8.000000000e-001 -8.000000000e-001 0.000000000e+000 -3.500000000e-001 -3.500000000e-001 -3.302393304e-006 0.000000000e+000 0.000000000e+000 1.173462898e-015 
d 0.000000000e+000 0.000000000e+000 3.467127397e-006 -8.000000000e-001 -8.000000000e-001 0.000000000e+000 -4.000000000e-001 -4.000000000e-001 -3.467127399e-006 0.000000000e+000 0.000000000e+000 1.275856243e-015 
d 0.000000000e+000 0.000000000e+000 3.588733264e-006 -8.000000000e-001 -8.000000000e-001 0.000000000e+000 -4.500000000e-001 -4.500000000e-001 -3.588733265e-006 0.000000000e+000 0.000000000e+000 1.366156987e-015 
d 0.000000000e+000 0.000000000e+000 3.680466021e-006 -8.000000000e-001 -8.000000000e-001 0.000000000e+000 -5.000000000e-001 -5.000000000e-001 -3.680466022e-006 0.000000000e+000 0.000000000e+000 1.453041603e-015 
d 0.000000000e+000 0.000000000e+000 3.752973392e-006 -8.000000000e-001 -8.000000000e-001 0.000000000e+000 -5.500000000e-001 -5.500000000e-001 -3.752973394e-006 0.000000000e+000 0.000000000e+000 1.538753988e-015 
d 0.000000000e+000 0.000000000e+000 3.813347657e-006 -8.000000000e-001 -8.000000000e-001 0.000000000e+000 -6.000000000e-001 -6.000000000e-001 -3.813347658e-006 0.000000000e+000 0.000000000e+000 1.617238670e-015 
d 0.000000000e+000 0.000000000e+000 3.865668930e-006 -8.000000000e-001 -8.000000000e-001 0.000000000e+000 -6.500000000e-001 -6.500000000e-001 -3.865668932e-006 0.000000000e+000 0.000000000e+000 1.685009611e-015 
d 0.000000000e+000 0.000000000e+000 3.912325632e-006 -8.000000000e-001 -8.000000000e-001 0.000000000e+000 -7.000000000e-001 -7.000000000e-001 -3.912325633e-006 0.000000000e+000 0.000000000e+000 1.746113190e-015 
d 0.000000000e+000 0.000000000e+000 3.955032697e-006 -8.000000000e-001 -8.000000000e-001 0.000000000e+000 -7.500000000e-001 -7.500000000e-001 -3.955032699e-006 0.000000000e+000 0.000000000e+000 1.807394992e-015 
d 0.000000000e+000 0.000000000e+000 3.995117060e-006 -8.000000000e-001 -8.000000000e-001 0.000000000e+000 -8.000000000e-001 -8.000000000e-001 -3.995117061e-006 0.000000000e+000 0.000000000e+000 1.872123223e-015 
d 0.000000000e+000 0.000000000e+000 4.033427798e-006 -8.000000000e-001 -8.000000000e-001 0.000000000e+000 -8.500000000e-001 -8.500000000e-001 -4.033427799e-006 0.000000000e+000 0.000000000e+000 1.937108686e-015 
d 0.000000000e+000 0.000000000e+000 4.070435972e-006 -8.000000000e-001 -8.000000000e-001 0.000000000e+000 -9.000000000e-001 -9.000000000e-001 -4.070435974e-006 0.000000000e+000 0.000000000e+000 1.997330634e-015 
d 0.000000000e+000 0.000000000e+000 4.106400621e-006 -8.000000000e-001 -8.000000000e-001 0.000000000e+000 -9.500000000e-001 -9.500000000e-001 -4.106400622e-006 0.000000000e+000 0.000000000e+000 2.051791360e-015 
d 0.000000000e+000 0.000000000e+000 4.141481761e-006 -8.000000000e-001 -8.000000000e-001 0.000000000e+000 -1.000000000e+000 -1.000000000e+000 -4.141481763e-006 0.000000000e+000 0.000000000e+000 2.103385691e-015 
d 0.000000000e+000 0.000000000e+000 4.175617850e-006 -8.000000000e-001 -8.000000000e-001 0.000000000e+000 -1.050000000e+000 -1.050000000e+000 -4.175617853e-006 0.000000000e+000 0.000000000e+000 2.156318277e-015 
d 0.000000000e+000 0.000000000e+000 4.208921611e-006 -8.000000000e-001 -8.000000000e-001 0.000000000e+000 -1.100000000e+000 -1.100000000e+000 -4.208921613e-006 0.000000000e+000 0.000000000e+000 2.213616298e-015 
d 0.000000000e+000 0.000000000e+000 4.241614577e-006 -8.000000000e-001 -8.000000000e-001 0.000000000e+000 -1.150000000e+000 -1.150000000e+000 -4.241614580e-006 0.000000000e+000 0.000000000e+000 2.274757989e-015 
d 0.000000000e+000 0.000000000e+000 4.273711459e-006 -8.000000000e-001 -8.000000000e-001 0.000000000e+000 -1.200000000e+000 -1.200000000e+000 -4.273711461e-006 0.000000000e+000 0.000000000e+000 2.335813383e-015 
d 0.000000000e+000 0.000000000e+000 4.305318109e-006 -8.000000000e-001 -8.000000000e-001 0.000000000e+000 -1.250000000e+000 -1.250000000e+000 -4.305318111e-006 0.000000000e+000 0.000000000e+000 2.393016223e-015 
d 0.000000000e+000 0.000000000e+000 4.336457162e-006 -8.000000000e-001 -8.000000000e-001 0.000000000e+000 -1.300000000e+000 -1.300000000e+000 -4.336457165e-006 0.000000000e+000 0.000000000e+000 2.445377383e-015 
d 0.000000000e+000 0.000000000e+000 4.367129851e-006 -8.000000000e-001 -8.000000000e-001 0.000000000e+000 -1.350000000e+000 -1.350000000e+000 -4.367129853e-006 0.000000000e+000 0.000000000e+000 2.494292750e-015 
d 0.000000000e+000 0.000000000e+000 4.397397814e-006 -8.000000000e-001 -8.000000000e-001 0.000000000e+000 -1.400000000e+000 -1.400000000e+000 -4.397397817e-006 0.000000000e+000 0.000000000e+000 2.542199301e-015 
d 0.000000000e+000 0.000000000e+000 4.427285767e-006 -8.000000000e-001 -8.000000000e-001 0.000000000e+000 -1.450000000e+000 -1.450000000e+000 -4.427285769e-006 0.000000000e+000 0.000000000e+000 2.591588973e-015 
d 0.000000000e+000 0.000000000e+000 4.456817747e-006 -8.000000000e-001 -8.000000000e-001 0.000000000e+000 -1.500000000e+000 -1.500000000e+000 -4.456817750e-006 0.000000000e+000 0.000000000e+000 2.643933452e-015 
