v ATLAS
# This file was created by ATLAS version 5.26.1.R on Thu Sep 24 11:24:58 2026.
#SSF 2.0 generic
##############################################################################
#                    Copyright (c) 1984 - 2018                               #
#                    Silvaco Inc. All rights reserved                        #
#                                                                            #
# This file format and the following Key are copyright Silvaco Inc.          #
# You may not use, this format or key without reproducing this message in    #
# full and obtaining express written permission from Silvaco Inc.            #
#                                                                            #
# To obtain such permission please contact: Silvaco Inc.                     #
#                                           support@silvaco.com              #
#                                                                            #
# KEY=SVC86hn7562asdx                       PROD=345                         #
##############################################################################
y 3 700 711 15
z 0.899224 0.02 300
f 4 "source" "gate" "drain" "substrate" 
p 12 2 601 20 3 602 21 4 603 22 5 604 23 
d 0.000000000e+000 0.000000000e+000 1.056475486e-006 -1.000000000e+000 -1.000000000e+000 0.000000000e+000 -5.000000000e-002 -5.000000000e-002 -1.056441339e-006 0.000000000e+000 0.000000000e+000 2.978616277e-016 
d 0.000000000e+000 0.000000000e+000 2.005143816e-006 -1.000000000e+000 -1.000000000e+000 0.000000000e+000 -1.000000000e-001 -1.000000000e-001 -2.005143817e-006 0.000000000e+000 0.000000000e+000 4.967964277e-016 
d 0.000000000e+000 0.000000000e+000 2.849610925e-006 -1.000000000e+000 -1.000000000e+000 0.000000000e+000 -1.500000000e-001 -1.500000000e-001 -2.849610925e-006 0.000000000e+000 0.000000000e+000 6.651518572e-016 
d 0.000000000e+000 0.000000000e+000 3.593793145e-006 -1.000000000e+000 -1.000000000e+000 0.000000000e+000 -2.000000000e-001 -2.000000000e-001 -3.593793146e-006 0.000000000e+000 0.000000000e+000 8.126079193e-016 
d 0.000000000e+000 0.000000000e+000 4.242098385e-006 -1.000000000e+000 -1.000000000e+000 0.000000000e+000 -2.500000000e-001 -2.500000000e-001 -4.242098386e-006 0.000000000e+000 0.000000000e+000 9.466457976e-016 
d 0.000000000e+000 0.000000000e+000 4.799573824e-006 -1.000000000e+000 -1.000000000e+000 0.000000000e+000 -3.000000000e-001 -3.000000000e-001 -4.799573825e-006 0.000000000e+000 0.000000000e+000 1.077952403e-015 
d 0.000000000e+000 0.000000000e+000 5.271681866e-006 -1.000000000e+000 -1.000000000e+000 0.000000000e+000 -3.500000000e-001 -3.500000000e-001 -5.271681867e-006 0.000000000e+000 0.000000000e+000 1.204154058e-015 
d 0.000000000e+000 0.000000000e+000 5.664956730e-006 -1.000000000e+000 -1.000000000e+000 0.000000000e+000 -4.000000000e-001 -4.000000000e-001 -5.664956731e-006 0.000000000e+000 0.000000000e+000 1.316817622e-015 
d 0.000000000e+000 0.000000000e+000 5.986996609e-006 -1.000000000e+000 -1.000000000e+000 0.000000000e+000 -4.500000000e-001 -4.500000000e-001 -5.986996610e-006 0.000000000e+000 0.000000000e+000 1.417978852e-015 
d 0.000000000e+000 0.000000000e+000 6.246717615e-006 -1.000000000e+000 -1.000000000e+000 0.000000000e+000 -5.000000000e-001 -5.000000000e-001 -6.246717617e-006 0.000000000e+000 0.000000000e+000 1.515603191e-015 
d 0.000000000e+000 0.000000000e+000 6.454228613e-006 -1.000000000e+000 -1.000000000e+000 0.000000000e+000 -5.500000000e-001 -5.500000000e-001 -6.454228615e-006 0.000000000e+000 0.000000000e+000 1.611298798e-015 
d 0.000000000e+000 0.000000000e+000 6.620234177e-006 -1.000000000e+000 -1.000000000e+000 0.000000000e+000 -6.000000000e-001 -6.000000000e-001 -6.620234179e-006 0.000000000e+000 0.000000000e+000 1.698519170e-015 
d 0.000000000e+000 0.000000000e+000 6.754975773e-006 -1.000000000e+000 -1.000000000e+000 0.000000000e+000 -6.500000000e-001 -6.500000000e-001 -6.754975775e-006 0.000000000e+000 0.000000000e+000 1.773567026e-015 
d 0.000000000e+000 0.000000000e+000 6.867073151e-006 -1.000000000e+000 -1.000000000e+000 0.000000000e+000 -7.000000000e-001 -7.000000000e-001 -6.867073153e-006 0.000000000e+000 0.000000000e+000 1.840700048e-015 
d 0.000000000e+000 0.000000000e+000 6.962866334e-006 -1.000000000e+000 -1.000000000e+000 0.000000000e+000 -7.500000000e-001 -7.500000000e-001 -6.962866336e-006 0.000000000e+000 0.000000000e+000 1.907004967e-015 
d 0.000000000e+000 0.000000000e+000 7.046694662e-006 -1.000000000e+000 -1.000000000e+000 0.000000000e+000 -8.000000000e-001 -8.000000000e-001 -7.046694665e-006 0.000000000e+000 0.000000000e+000 1.975789359e-015 
d 0.000000000e+000 0.000000000e+000 7.121769505e-006 -1.000000000e+000 -1.000000000e+000 0.000000000e+000 -8.500000000e-001 -8.500000000e-001 -7.121769508e-006 0.000000000e+000 0.000000000e+000 2.043829388e-015 
d 0.000000000e+000 0.000000000e+000 7.190732000e-006 -1.000000000e+000 -1.000000000e+000 0.000000000e+000 -9.000000000e-001 -9.000000000e-001 -7.190732002e-006 0.000000000e+000 0.000000000e+000 2.106139820e-015 
d 0.000000000e+000 0.000000000e+000 7.255568319e-006 -1.000000000e+000 -1.000000000e+000 0.000000000e+000 -9.500000000e-001 -9.500000000e-001 -7.255568321e-006 0.000000000e+000 0.000000000e+000 2.161932767e-015 
d 0.000000000e+000 0.000000000e+000 7.317520424e-006 -1.000000000e+000 -1.000000000e+000 0.000000000e+000 -1.000000000e+000 -1.000000000e+000 -7.317520425e-006 0.000000000e+000 0.000000000e+000 2.214472603e-015 
d 0.000000000e+000 0.000000000e+000 7.377286819e-006 -1.000000000e+000 -1.000000000e+000 0.000000000e+000 -1.050000000e+000 -1.050000000e+000 -7.377286821e-006 0.000000000e+000 0.000000000e+000 2.268373900e-015 
d 0.000000000e+000 0.000000000e+000 7.435268606e-006 -1.000000000e+000 -1.000000000e+000 0.000000000e+000 -1.100000000e+000 -1.100000000e+000 -7.435268608e-006 0.000000000e+000 0.000000000e+000 2.326721801e-015 
d 0.000000000e+000 0.000000000e+000 7.491696780e-006 -1.000000000e+000 -1.000000000e+000 0.000000000e+000 -1.150000000e+000 -1.150000000e+000 -7.491696783e-006 0.000000000e+000 0.000000000e+000 2.388724566e-015 
d 0.000000000e+000 0.000000000e+000 7.546766238e-006 -1.000000000e+000 -1.000000000e+000 0.000000000e+000 -1.200000000e+000 -1.200000000e+000 -7.546766240e-006 0.000000000e+000 0.000000000e+000 2.450303757e-015 
d 0.000000000e+000 0.000000000e+000 7.600644023e-006 -1.000000000e+000 -1.000000000e+000 0.000000000e+000 -1.250000000e+000 -1.250000000e+000 -7.600644025e-006 0.000000000e+000 0.000000000e+000 2.507856186e-015 
d 0.000000000e+000 0.000000000e+000 7.653121758e-006 -1.000000000e+000 -1.000000000e+000 0.000000000e+000 -1.300000000e+000 -1.300000000e+000 -7.653121761e-006 0.000000000e+000 0.000000000e+000 2.560583583e-015 
d 0.000000000e+000 0.000000000e+000 7.704121498e-006 -1.000000000e+000 -1.000000000e+000 0.000000000e+000 -1.350000000e+000 -1.350000000e+000 -7.704121501e-006 0.000000000e+000 0.000000000e+000 2.609979307e-015 
d 0.000000000e+000 0.000000000e+000 7.754243514e-006 -1.000000000e+000 -1.000000000e+000 0.000000000e+000 -1.400000000e+000 -1.400000000e+000 -7.754243516e-006 0.000000000e+000 0.000000000e+000 2.658662993e-015 
d 0.000000000e+000 0.000000000e+000 7.803529077e-006 -1.000000000e+000 -1.000000000e+000 0.000000000e+000 -1.450000000e+000 -1.450000000e+000 -7.803529080e-006 0.000000000e+000 0.000000000e+000 2.709104854e-015 
d 0.000000000e+000 0.000000000e+000 7.852150419e-006 -1.000000000e+000 -1.000000000e+000 0.000000000e+000 -1.500000000e+000 -1.500000000e+000 -7.852150422e-006 0.000000000e+000 0.000000000e+000 2.762809135e-015 
