v ATLAS
# This file was created by ATLAS version 5.26.1.R on Thu Sep 24 11:20:45 2026.
#SSF 2.0 generic
##############################################################################
#                    Copyright (c) 1984 - 2018                               #
#                    Silvaco Inc. All rights reserved                        #
#                                                                            #
# This file format and the following Key are copyright Silvaco Inc.          #
# You may not use, this format or key without reproducing this message in    #
# full and obtaining express written permission from Silvaco Inc.            #
#                                                                            #
# To obtain such permission please contact: Silvaco Inc.                     #
#                                           support@silvaco.com              #
#                                                                            #
# KEY=SVC86hn7562asdx                       PROD=345                         #
##############################################################################
y 3 700 711 15
z 0.899224 0.02 300
f 4 "source" "gate" "drain" "substrate" 
p 12 2 601 20 3 602 21 4 603 22 5 604 23 
d 0.000000000e+000 0.000000000e+000 1.777775906e-006 -1.500000000e+000 -1.500000000e+000 0.000000000e+000 -5.000000000e-002 -5.000000000e-002 -1.777741732e-006 0.000000000e+000 0.000000000e+000 2.988042359e-016 
d 0.000000000e+000 0.000000000e+000 3.439590624e-006 -1.500000000e+000 -1.500000000e+000 0.000000000e+000 -1.000000000e-001 -1.000000000e-001 -3.439590625e-006 0.000000000e+000 0.000000000e+000 4.994065981e-016 
d 0.000000000e+000 0.000000000e+000 4.987914784e-006 -1.500000000e+000 -1.500000000e+000 0.000000000e+000 -1.500000000e-001 -1.500000000e-001 -4.987914785e-006 0.000000000e+000 0.000000000e+000 6.703284630e-016 
d 0.000000000e+000 0.000000000e+000 6.426687578e-006 -1.500000000e+000 -1.500000000e+000 0.000000000e+000 -2.000000000e-001 -2.000000000e-001 -6.426687579e-006 0.000000000e+000 0.000000000e+000 8.214361246e-016 
d 0.000000000e+000 0.000000000e+000 7.759272660e-006 -1.500000000e+000 -1.500000000e+000 0.000000000e+000 -2.500000000e-001 -2.500000000e-001 -7.759272660e-006 0.000000000e+000 0.000000000e+000 9.604674430e-016 
d 0.000000000e+000 0.000000000e+000 8.989216647e-006 -1.500000000e+000 -1.500000000e+000 0.000000000e+000 -3.000000000e-001 -3.000000000e-001 -8.989216648e-006 0.000000000e+000 0.000000000e+000 1.098304596e-015 
d 0.000000000e+000 0.000000000e+000 1.011974017e-005 -1.500000000e+000 -1.500000000e+000 0.000000000e+000 -3.500000000e-001 -3.500000000e-001 -1.011974017e-005 0.000000000e+000 0.000000000e+000 1.232676452e-015 
d 0.000000000e+000 0.000000000e+000 1.115436831e-005 -1.500000000e+000 -1.500000000e+000 0.000000000e+000 -4.000000000e-001 -4.000000000e-001 -1.115436831e-005 0.000000000e+000 0.000000000e+000 1.355142056e-015 
d 0.000000000e+000 0.000000000e+000 1.209693980e-005 -1.500000000e+000 -1.500000000e+000 0.000000000e+000 -4.500000000e-001 -4.500000000e-001 -1.209693980e-005 0.000000000e+000 0.000000000e+000 1.467704877e-015 
d 0.000000000e+000 0.000000000e+000 1.295113477e-005 -1.500000000e+000 -1.500000000e+000 0.000000000e+000 -5.000000000e-001 -5.000000000e-001 -1.295113477e-005 0.000000000e+000 0.000000000e+000 1.578305177e-015 
d 0.000000000e+000 0.000000000e+000 1.372092317e-005 -1.500000000e+000 -1.500000000e+000 0.000000000e+000 -5.500000000e-001 -5.500000000e-001 -1.372092317e-005 0.000000000e+000 0.000000000e+000 1.688448782e-015 
d 0.000000000e+000 0.000000000e+000 1.441051428e-005 -1.500000000e+000 -1.500000000e+000 0.000000000e+000 -6.000000000e-001 -6.000000000e-001 -1.441051428e-005 0.000000000e+000 0.000000000e+000 1.791139241e-015 
d 0.000000000e+000 0.000000000e+000 1.502442565e-005 -1.500000000e+000 -1.500000000e+000 0.000000000e+000 -6.500000000e-001 -6.500000000e-001 -1.502442565e-005 0.000000000e+000 0.000000000e+000 1.882285432e-015 
d 0.000000000e+000 0.000000000e+000 1.556757246e-005 -1.500000000e+000 -1.500000000e+000 0.000000000e+000 -7.000000000e-001 -7.000000000e-001 -1.556757246e-005 0.000000000e+000 0.000000000e+000 1.965683315e-015 
d 0.000000000e+000 0.000000000e+000 1.604532072e-005 -1.500000000e+000 -1.500000000e+000 0.000000000e+000 -7.500000000e-001 -7.500000000e-001 -1.604532072e-005 0.000000000e+000 0.000000000e+000 2.047920060e-015 
d 0.000000000e+000 0.000000000e+000 1.646349210e-005 -1.500000000e+000 -1.500000000e+000 0.000000000e+000 -8.000000000e-001 -8.000000000e-001 -1.646349210e-005 0.000000000e+000 0.000000000e+000 2.131780219e-015 
d 0.000000000e+000 0.000000000e+000 1.682829778e-005 -1.500000000e+000 -1.500000000e+000 0.000000000e+000 -8.500000000e-001 -8.500000000e-001 -1.682829778e-005 0.000000000e+000 0.000000000e+000 2.213402901e-015 
d 0.000000000e+000 0.000000000e+000 1.714616593e-005 -1.500000000e+000 -1.500000000e+000 0.000000000e+000 -9.000000000e-001 -9.000000000e-001 -1.714616593e-005 0.000000000e+000 0.000000000e+000 2.287468403e-015 
d 0.000000000e+000 0.000000000e+000 1.742346446e-005 -1.500000000e+000 -1.500000000e+000 0.000000000e+000 -9.500000000e-001 -9.500000000e-001 -1.742346446e-005 0.000000000e+000 0.000000000e+000 2.353409525e-015 
d 0.000000000e+000 0.000000000e+000 1.766619714e-005 -1.500000000e+000 -1.500000000e+000 0.000000000e+000 -1.000000000e+000 -1.000000000e+000 -1.766619714e-005 0.000000000e+000 0.000000000e+000 2.414861165e-015 
d 0.000000000e+000 0.000000000e+000 1.787984698e-005 -1.500000000e+000 -1.500000000e+000 0.000000000e+000 -1.050000000e+000 -1.050000000e+000 -1.787984699e-005 0.000000000e+000 0.000000000e+000 2.476633888e-015 
d 0.000000000e+000 0.000000000e+000 1.806951449e-005 -1.500000000e+000 -1.500000000e+000 0.000000000e+000 -1.100000000e+000 -1.100000000e+000 -1.806951449e-005 0.000000000e+000 0.000000000e+000 2.541739480e-015 
d 0.000000000e+000 0.000000000e+000 1.824016688e-005 -1.500000000e+000 -1.500000000e+000 0.000000000e+000 -1.150000000e+000 -1.150000000e+000 -1.824016689e-005 0.000000000e+000 0.000000000e+000 2.609072612e-015 
d 0.000000000e+000 0.000000000e+000 1.839648781e-005 -1.500000000e+000 -1.500000000e+000 0.000000000e+000 -1.200000000e+000 -1.200000000e+000 -1.839648782e-005 0.000000000e+000 0.000000000e+000 2.674346457e-015 
d 0.000000000e+000 0.000000000e+000 1.854231849e-005 -1.500000000e+000 -1.500000000e+000 0.000000000e+000 -1.250000000e+000 -1.250000000e+000 -1.854231849e-005 0.000000000e+000 0.000000000e+000 2.734332767e-015 
d 0.000000000e+000 0.000000000e+000 1.868035157e-005 -1.500000000e+000 -1.500000000e+000 0.000000000e+000 -1.300000000e+000 -1.300000000e+000 -1.868035158e-005 0.000000000e+000 0.000000000e+000 2.788828306e-015 
d 0.000000000e+000 0.000000000e+000 1.881228742e-005 -1.500000000e+000 -1.500000000e+000 0.000000000e+000 -1.350000000e+000 -1.350000000e+000 -1.881228742e-005 0.000000000e+000 0.000000000e+000 2.839912090e-015 
d 0.000000000e+000 0.000000000e+000 1.893919644e-005 -1.500000000e+000 -1.500000000e+000 0.000000000e+000 -1.400000000e+000 -1.400000000e+000 -1.893919645e-005 0.000000000e+000 0.000000000e+000 2.890568113e-015 
d 0.000000000e+000 0.000000000e+000 1.906188011e-005 -1.500000000e+000 -1.500000000e+000 0.000000000e+000 -1.450000000e+000 -1.450000000e+000 -1.906188011e-005 0.000000000e+000 0.000000000e+000 2.943557089e-015 
d 0.000000000e+000 0.000000000e+000 1.918088027e-005 -1.500000000e+000 -1.500000000e+000 0.000000000e+000 -1.500000000e+000 -1.500000000e+000 -1.918088027e-005 0.000000000e+000 0.000000000e+000 3.000058139e-015 
