v ATLAS
# This file was created by ATLAS version 5.26.1.R on Thu Sep 24 11:25:03 2026.
#SSF 2.0 generic
##############################################################################
#                    Copyright (c) 1984 - 2018                               #
#                    Silvaco Inc. All rights reserved                        #
#                                                                            #
# This file format and the following Key are copyright Silvaco Inc.          #
# You may not use, this format or key without reproducing this message in    #
# full and obtaining express written permission from Silvaco Inc.            #
#                                                                            #
# To obtain such permission please contact: Silvaco Inc.                     #
#                                           support@silvaco.com              #
#                                                                            #
# KEY=SVC86hn7562asdx                       PROD=345                         #
##############################################################################
y 3 700 711 15
z 0.899224 0.02 300
f 4 "source" "gate" "drain" "substrate" 
p 12 2 601 20 3 602 21 4 603 22 5 604 23 
d 0.000000000e+000 0.000000000e+000 1.349466509e-006 -1.200000000e+000 -1.200000000e+000 0.000000000e+000 -5.000000000e-002 -5.000000000e-002 -1.349432368e-006 0.000000000e+000 0.000000000e+000 2.983428178e-016 
d 0.000000000e+000 0.000000000e+000 2.587803612e-006 -1.200000000e+000 -1.200000000e+000 0.000000000e+000 -1.000000000e-001 -1.000000000e-001 -2.587803613e-006 0.000000000e+000 0.000000000e+000 4.981739559e-016 
d 0.000000000e+000 0.000000000e+000 3.718133763e-006 -1.200000000e+000 -1.200000000e+000 0.000000000e+000 -1.500000000e-001 -1.500000000e-001 -3.718133764e-006 0.000000000e+000 0.000000000e+000 6.679201239e-016 
d 0.000000000e+000 0.000000000e+000 4.743948666e-006 -1.200000000e+000 -1.200000000e+000 0.000000000e+000 -2.000000000e-001 -2.000000000e-001 -4.743948667e-006 0.000000000e+000 0.000000000e+000 8.173874014e-016 
d 0.000000000e+000 0.000000000e+000 5.669309614e-006 -1.200000000e+000 -1.200000000e+000 0.000000000e+000 -2.500000000e-001 -2.500000000e-001 -5.669309615e-006 0.000000000e+000 0.000000000e+000 9.541931184e-016 
d 0.000000000e+000 0.000000000e+000 6.498007145e-006 -1.200000000e+000 -1.200000000e+000 0.000000000e+000 -3.000000000e-001 -3.000000000e-001 -6.498007147e-006 0.000000000e+000 0.000000000e+000 1.089140247e-015 
d 0.000000000e+000 0.000000000e+000 7.234302906e-006 -1.200000000e+000 -1.200000000e+000 0.000000000e+000 -3.500000000e-001 -3.500000000e-001 -7.234302908e-006 0.000000000e+000 0.000000000e+000 1.219917781e-015 
d 0.000000000e+000 0.000000000e+000 7.882628802e-006 -1.200000000e+000 -1.200000000e+000 0.000000000e+000 -4.000000000e-001 -4.000000000e-001 -7.882628803e-006 0.000000000e+000 0.000000000e+000 1.338085228e-015 
d 0.000000000e+000 0.000000000e+000 8.447748173e-006 -1.200000000e+000 -1.200000000e+000 0.000000000e+000 -4.500000000e-001 -4.500000000e-001 -8.447748174e-006 0.000000000e+000 0.000000000e+000 1.445618380e-015 
d 0.000000000e+000 0.000000000e+000 8.934988677e-006 -1.200000000e+000 -1.200000000e+000 0.000000000e+000 -5.000000000e-001 -5.000000000e-001 -8.934988679e-006 0.000000000e+000 0.000000000e+000 1.550447882e-015 
d 0.000000000e+000 0.000000000e+000 9.350726657e-006 -1.200000000e+000 -1.200000000e+000 0.000000000e+000 -5.500000000e-001 -5.500000000e-001 -9.350726659e-006 0.000000000e+000 0.000000000e+000 1.653993717e-015 
d 0.000000000e+000 0.000000000e+000 9.701955965e-006 -1.200000000e+000 -1.200000000e+000 0.000000000e+000 -6.000000000e-001 -6.000000000e-001 -9.701955967e-006 0.000000000e+000 0.000000000e+000 1.749341532e-015 
d 0.000000000e+000 0.000000000e+000 9.996480240e-006 -1.200000000e+000 -1.200000000e+000 0.000000000e+000 -6.500000000e-001 -6.500000000e-001 -9.996480242e-006 0.000000000e+000 0.000000000e+000 1.832438092e-015 
d 0.000000000e+000 0.000000000e+000 1.024273002e-005 -1.200000000e+000 -1.200000000e+000 0.000000000e+000 -7.000000000e-001 -7.000000000e-001 -1.024273002e-005 0.000000000e+000 0.000000000e+000 1.907144130e-015 
d 0.000000000e+000 0.000000000e+000 1.044931178e-005 -1.200000000e+000 -1.200000000e+000 0.000000000e+000 -7.500000000e-001 -7.500000000e-001 -1.044931179e-005 0.000000000e+000 0.000000000e+000 1.980303020e-015 
d 0.000000000e+000 0.000000000e+000 1.062427128e-005 -1.200000000e+000 -1.200000000e+000 0.000000000e+000 -8.000000000e-001 -8.000000000e-001 -1.062427128e-005 0.000000000e+000 0.000000000e+000 2.055103378e-015 
d 0.000000000e+000 0.000000000e+000 1.077446395e-005 -1.200000000e+000 -1.200000000e+000 0.000000000e+000 -8.500000000e-001 -8.500000000e-001 -1.077446395e-005 0.000000000e+000 0.000000000e+000 2.128174170e-015 
d 0.000000000e+000 0.000000000e+000 1.090533989e-005 -1.200000000e+000 -1.200000000e+000 0.000000000e+000 -9.000000000e-001 -9.000000000e-001 -1.090533990e-005 0.000000000e+000 0.000000000e+000 2.194589313e-015 
d 0.000000000e+000 0.000000000e+000 1.102132537e-005 -1.200000000e+000 -1.200000000e+000 0.000000000e+000 -9.500000000e-001 -9.500000000e-001 -1.102132537e-005 0.000000000e+000 0.000000000e+000 2.253620685e-015 
d 0.000000000e+000 0.000000000e+000 1.112630826e-005 -1.200000000e+000 -1.200000000e+000 0.000000000e+000 -1.000000000e+000 -1.000000000e+000 -1.112630826e-005 0.000000000e+000 0.000000000e+000 2.308728203e-015 
d 0.000000000e+000 0.000000000e+000 1.122356540e-005 -1.200000000e+000 -1.200000000e+000 0.000000000e+000 -1.050000000e+000 -1.050000000e+000 -1.122356540e-005 0.000000000e+000 0.000000000e+000 2.364684730e-015 
d 0.000000000e+000 0.000000000e+000 1.131542829e-005 -1.200000000e+000 -1.200000000e+000 0.000000000e+000 -1.100000000e+000 -1.100000000e+000 -1.131542829e-005 0.000000000e+000 0.000000000e+000 2.424670550e-015 
d 0.000000000e+000 0.000000000e+000 1.140332353e-005 -1.200000000e+000 -1.200000000e+000 0.000000000e+000 -1.150000000e+000 -1.150000000e+000 -1.140332353e-005 0.000000000e+000 0.000000000e+000 2.487854272e-015 
d 0.000000000e+000 0.000000000e+000 1.148808513e-005 -1.200000000e+000 -1.200000000e+000 0.000000000e+000 -1.200000000e+000 -1.200000000e+000 -1.148808513e-005 0.000000000e+000 0.000000000e+000 2.550168131e-015 
d 0.000000000e+000 0.000000000e+000 1.157022787e-005 -1.200000000e+000 -1.200000000e+000 0.000000000e+000 -1.250000000e+000 -1.250000000e+000 -1.157022787e-005 0.000000000e+000 0.000000000e+000 2.608156235e-015 
d 0.000000000e+000 0.000000000e+000 1.165010243e-005 -1.200000000e+000 -1.200000000e+000 0.000000000e+000 -1.300000000e+000 -1.300000000e+000 -1.165010243e-005 0.000000000e+000 0.000000000e+000 2.661234883e-015 
d 0.000000000e+000 0.000000000e+000 1.172797127e-005 -1.200000000e+000 -1.200000000e+000 0.000000000e+000 -1.350000000e+000 -1.350000000e+000 -1.172797127e-005 0.000000000e+000 0.000000000e+000 2.711105950e-015 
d 0.000000000e+000 0.000000000e+000 1.180404570e-005 -1.200000000e+000 -1.200000000e+000 0.000000000e+000 -1.400000000e+000 -1.400000000e+000 -1.180404571e-005 0.000000000e+000 0.000000000e+000 2.760450363e-015 
d 0.000000000e+000 0.000000000e+000 1.187850605e-005 -1.200000000e+000 -1.200000000e+000 0.000000000e+000 -1.450000000e+000 -1.450000000e+000 -1.187850606e-005 0.000000000e+000 0.000000000e+000 2.811948335e-015 
d 0.000000000e+000 0.000000000e+000 1.195151810e-005 -1.200000000e+000 -1.200000000e+000 0.000000000e+000 -1.500000000e+000 -1.500000000e+000 -1.195151810e-005 0.000000000e+000 0.000000000e+000 2.866894519e-015 
