v ATLAS
# This file was created by ATLAS version 5.26.1.R on Thu Sep 24 11:18:24 2026.
#SSF 2.0 generic
##############################################################################
#                    Copyright (c) 1984 - 2018                               #
#                    Silvaco Inc. All rights reserved                        #
#                                                                            #
# This file format and the following Key are copyright Silvaco Inc.          #
# You may not use, this format or key without reproducing this message in    #
# full and obtaining express written permission from Silvaco Inc.            #
#                                                                            #
# To obtain such permission please contact: Silvaco Inc.                     #
#                                           support@silvaco.com              #
#                                                                            #
# KEY=SVC86hn7562asdx                       PROD=345                         #
##############################################################################
y 3 700 711 15
z 0.899224 0.02 300
f 4 "source" "gate" "drain" "substrate" 
p 12 2 601 20 3 602 21 4 603 22 5 604 23 
d 5.000000000e-002 5.000000000e-002 4.899152828e-011 0.000000000e+000 0.000000000e+000 0.000000000e+000 0.000000000e+000 0.000000000e+000 -4.899098857e-011 0.000000000e+000 0.000000000e+000 -6.782365259e-016 
d 5.000000000e-002 5.000000000e-002 2.169280346e-010 -5.000000000e-002 -5.000000000e-002 0.000000000e+000 0.000000000e+000 0.000000000e+000 -2.169279210e-010 0.000000000e+000 0.000000000e+000 -6.706151423e-016 
d 5.000000000e-002 5.000000000e-002 9.569434490e-010 -1.000000000e-001 -1.000000000e-001 0.000000000e+000 0.000000000e+000 0.000000000e+000 -9.569429928e-010 0.000000000e+000 0.000000000e+000 -6.664138627e-016 
d 5.000000000e-002 5.000000000e-002 4.071291079e-009 -1.500000000e-001 -1.500000000e-001 0.000000000e+000 0.000000000e+000 0.000000000e+000 -4.071290752e-009 0.000000000e+000 0.000000000e+000 -6.677193505e-016 
d 5.000000000e-002 5.000000000e-002 1.532046513e-008 -2.000000000e-001 -2.000000000e-001 0.000000000e+000 0.000000000e+000 0.000000000e+000 -1.532046435e-008 0.000000000e+000 0.000000000e+000 -6.584738564e-016 
d 5.000000000e-002 5.000000000e-002 4.463301421e-008 -2.500000000e-001 -2.500000000e-001 0.000000000e+000 0.000000000e+000 0.000000000e+000 -4.463301368e-008 0.000000000e+000 0.000000000e+000 -6.502533663e-016 
d 5.000000000e-002 5.000000000e-002 9.551122545e-008 -3.000000000e-001 -3.000000000e-001 0.000000000e+000 0.000000000e+000 0.000000000e+000 -9.551122507e-008 0.000000000e+000 0.000000000e+000 -6.394081844e-016 
d 5.000000000e-002 5.000000000e-002 1.610772570e-007 -3.500000000e-001 -3.500000000e-001 0.000000000e+000 0.000000000e+000 0.000000000e+000 -1.610772560e-007 0.000000000e+000 0.000000000e+000 -6.297039626e-016 
d 5.000000000e-002 5.000000000e-002 2.339629995e-007 -4.000000000e-001 -4.000000000e-001 0.000000000e+000 0.000000000e+000 0.000000000e+000 -2.339629986e-007 0.000000000e+000 0.000000000e+000 -6.230273789e-016 
d 5.000000000e-002 5.000000000e-002 3.100865172e-007 -4.500000000e-001 -4.500000000e-001 0.000000000e+000 0.000000000e+000 0.000000000e+000 -3.100865165e-007 0.000000000e+000 0.000000000e+000 -6.186790236e-016 
d 5.000000000e-002 5.000000000e-002 3.874980718e-007 -5.000000000e-001 -5.000000000e-001 0.000000000e+000 0.000000000e+000 0.000000000e+000 -3.874980711e-007 0.000000000e+000 0.000000000e+000 -6.158064666e-016 
d 5.000000000e-002 5.000000000e-002 4.652788268e-007 -5.500000000e-001 -5.500000000e-001 0.000000000e+000 0.000000000e+000 0.000000000e+000 -4.652788258e-007 0.000000000e+000 0.000000000e+000 -6.138368820e-016 
d 5.000000000e-002 5.000000000e-002 5.429591257e-007 -6.000000000e-001 -6.000000000e-001 0.000000000e+000 0.000000000e+000 0.000000000e+000 -5.429591249e-007 0.000000000e+000 0.000000000e+000 -6.124487898e-016 
d 5.000000000e-002 5.000000000e-002 6.202903446e-007 -6.500000000e-001 -6.500000000e-001 0.000000000e+000 0.000000000e+000 0.000000000e+000 -6.202903444e-007 0.000000000e+000 0.000000000e+000 -6.114209106e-016 
d 5.000000000e-002 5.000000000e-002 6.971857596e-007 -7.000000000e-001 -7.000000000e-001 0.000000000e+000 0.000000000e+000 0.000000000e+000 -6.971857586e-007 0.000000000e+000 0.000000000e+000 -6.106478854e-016 
d 5.000000000e-002 5.000000000e-002 7.735970330e-007 -7.500000000e-001 -7.500000000e-001 0.000000000e+000 0.000000000e+000 0.000000000e+000 -7.735970327e-007 0.000000000e+000 0.000000000e+000 -6.100549350e-016 
d 5.000000000e-002 5.000000000e-002 8.495057217e-007 -8.000000000e-001 -8.000000000e-001 0.000000000e+000 0.000000000e+000 0.000000000e+000 -8.495057210e-007 0.000000000e+000 0.000000000e+000 -6.095870271e-016 
d 5.000000000e-002 5.000000000e-002 9.249079795e-007 -8.500000000e-001 -8.500000000e-001 0.000000000e+000 0.000000000e+000 0.000000000e+000 -9.249079788e-007 0.000000000e+000 0.000000000e+000 -6.092095494e-016 
d 5.000000000e-002 5.000000000e-002 9.998068957e-007 -9.000000000e-001 -9.000000000e-001 0.000000000e+000 0.000000000e+000 0.000000000e+000 -9.998068953e-007 0.000000000e+000 0.000000000e+000 -6.089076588e-016 
d 5.000000000e-002 5.000000000e-002 1.074229920e-006 -9.500000000e-001 -9.500000000e-001 0.000000000e+000 0.000000000e+000 0.000000000e+000 -1.074229920e-006 0.000000000e+000 0.000000000e+000 -6.086501809e-016 
d 5.000000000e-002 5.000000000e-002 1.148170551e-006 -1.000000000e+000 -1.000000000e+000 0.000000000e+000 0.000000000e+000 0.000000000e+000 -1.148170551e-006 0.000000000e+000 0.000000000e+000 -6.084354069e-016 
d 5.000000000e-002 5.000000000e-002 1.221654327e-006 -1.050000000e+000 -1.050000000e+000 0.000000000e+000 0.000000000e+000 0.000000000e+000 -1.221654326e-006 0.000000000e+000 0.000000000e+000 -6.082479850e-016 
d 5.000000000e-002 5.000000000e-002 1.294716753e-006 -1.100000000e+000 -1.100000000e+000 0.000000000e+000 0.000000000e+000 0.000000000e+000 -1.294716753e-006 0.000000000e+000 0.000000000e+000 -6.080886117e-016 
d 5.000000000e-002 5.000000000e-002 1.367376616e-006 -1.150000000e+000 -1.150000000e+000 0.000000000e+000 0.000000000e+000 0.000000000e+000 -1.367376615e-006 0.000000000e+000 0.000000000e+000 -6.079545145e-016 
d 5.000000000e-002 5.000000000e-002 1.439654187e-006 -1.200000000e+000 -1.200000000e+000 0.000000000e+000 0.000000000e+000 0.000000000e+000 -1.439654186e-006 0.000000000e+000 0.000000000e+000 -6.078309433e-016 
d 5.000000000e-002 5.000000000e-002 1.511566990e-006 -1.250000000e+000 -1.250000000e+000 0.000000000e+000 0.000000000e+000 0.000000000e+000 -1.511566989e-006 0.000000000e+000 0.000000000e+000 -6.077167332e-016 
d 5.000000000e-002 5.000000000e-002 1.583131531e-006 -1.300000000e+000 -1.300000000e+000 0.000000000e+000 0.000000000e+000 0.000000000e+000 -1.583131530e-006 0.000000000e+000 0.000000000e+000 -6.076236976e-016 
d 5.000000000e-002 5.000000000e-002 1.654363303e-006 -1.350000000e+000 -1.350000000e+000 0.000000000e+000 0.000000000e+000 0.000000000e+000 -1.654363303e-006 0.000000000e+000 0.000000000e+000 -6.075383777e-016 
d 5.000000000e-002 5.000000000e-002 1.725276815e-006 -1.400000000e+000 -1.400000000e+000 0.000000000e+000 0.000000000e+000 0.000000000e+000 -1.725276814e-006 0.000000000e+000 0.000000000e+000 -6.074619148e-016 
d 5.000000000e-002 5.000000000e-002 1.795885633e-006 -1.450000000e+000 -1.450000000e+000 0.000000000e+000 0.000000000e+000 0.000000000e+000 -1.795885632e-006 0.000000000e+000 0.000000000e+000 -6.073994405e-016 
d 5.000000000e-002 5.000000000e-002 1.866202439e-006 -1.500000000e+000 -1.500000000e+000 0.000000000e+000 0.000000000e+000 0.000000000e+000 -1.866202439e-006 0.000000000e+000 0.000000000e+000 -6.073399834e-016 
